Archive member included because of file (symbol)

C:/Freescale/CW MCU v10.5/MCU/ARM_GCC_Support/ewl/lib/armv6-m\libc.a(exit.o)
                              ./Project_Settings/Startup_Code/__arm_start.o (exit)
C:/Freescale/CW MCU v10.5/MCU/ARM_GCC_Support/ewl/lib/armv6-m\libc.a(memset.o)
                              ./Project_Settings/Startup_Code/__arm_start.o (memset)
C:/Freescale/CW MCU v10.5/MCU/ARM_GCC_Support/ewl/lib/armv6-m\libc.a(printformat_.o)
                              (__pformatter_)
C:/Freescale/CW MCU v10.5/MCU/ARM_GCC_Support/ewl/lib/armv6-m\libc.a(scanformat_.o)
                              (__sformatter)
C:/Freescale/CW MCU v10.5/MCU/ARM_GCC_Support/ewl/lib/armv6-m\libc.a(ctype_aeabi.o)
                              C:/Freescale/CW MCU v10.5/MCU/ARM_GCC_Support/ewl/lib/armv6-m\libc.a(scanformat_.o) (isspace)
C:/Freescale/CW MCU v10.5/MCU/ARM_GCC_Support/ewl/lib/armv6-m\libc.a(__strtoul.o)
                              C:/Freescale/CW MCU v10.5/MCU/ARM_GCC_Support/ewl/lib/armv6-m\libc.a(scanformat_.o) (__strtoul)
C:/Freescale/CW MCU v10.5/MCU/ARM_GCC_Support/ewl/lib/armv6-m\libc.a(__filll_mem.o)
                              C:/Freescale/CW MCU v10.5/MCU/ARM_GCC_Support/ewl/lib/armv6-m\libc.a(memset.o) (__fill_mem)
C:/Freescale/CW MCU v10.5/MCU/ARM_GCC_Support/ewl/lib/armv6-m\libc.a(memchr.o)
                              C:/Freescale/CW MCU v10.5/MCU/ARM_GCC_Support/ewl/lib/armv6-m\libc.a(printformat_.o) (memchr)
C:/Freescale/CW MCU v10.5/MCU/ARM_GCC_Support/ewl/lib/armv6-m\libc.a(memcpy.o)
                              C:/Freescale/CW MCU v10.5/MCU/ARM_GCC_Support/ewl/lib/armv6-m\libc.a(scanformat_.o) (memcpy)
C:/Freescale/CW MCU v10.5/MCU/ARM_GCC_Support/ewl/lib/armv6-m\libc.a(strchr.o)
                              C:/Freescale/CW MCU v10.5/MCU/ARM_GCC_Support/ewl/lib/armv6-m\libc.a(printformat_.o) (strchr)
C:/Freescale/CW MCU v10.5/MCU/ARM_GCC_Support/ewl/lib/armv6-m\libc.a(strlen.o)
                              C:/Freescale/CW MCU v10.5/MCU/ARM_GCC_Support/ewl/lib/armv6-m\libc.a(printformat_.o) (strlen)
C:/Freescale/CW MCU v10.5/MCU/ARM_GCC_Support/ewl/lib/armv6-m\libm.a(s_atan.o)
                              ./Sources/ProcessorExpert.o (atan)
C:/Freescale/CW MCU v10.5/MCU/ARM_GCC_Support/ewl/lib/armv6-m\libm.a(w_powf.o)
                              ./Sources/ProcessorExpert.o (powf)
C:/Freescale/CW MCU v10.5/MCU/ARM_GCC_Support/ewl/lib/armv6-m\libm.a(w_sqrt.o)
                              ./Sources/ProcessorExpert.o (sqrt)
C:/Freescale/CW MCU v10.5/MCU/ARM_GCC_Support/ewl/lib/armv6-m\libm.a(e_powf.o)
                              C:/Freescale/CW MCU v10.5/MCU/ARM_GCC_Support/ewl/lib/armv6-m\libm.a(w_powf.o) (__ieee754_powf)
C:/Freescale/CW MCU v10.5/MCU/ARM_GCC_Support/ewl/lib/armv6-m\libm.a(e_sqrt.o)
                              C:/Freescale/CW MCU v10.5/MCU/ARM_GCC_Support/ewl/lib/armv6-m\libm.a(w_sqrt.o) (__ieee754_sqrt)
C:/Freescale/CW MCU v10.5/MCU/ARM_GCC_Support/ewl/lib/armv6-m\libm.a(e_sqrtf.o)
                              C:/Freescale/CW MCU v10.5/MCU/ARM_GCC_Support/ewl/lib/armv6-m\libm.a(e_powf.o) (__ieee754_sqrtf)
C:/Freescale/CW MCU v10.5/MCU/ARM_GCC_Support/ewl/lib/armv6-m\libm.a(float.o)
                              C:/Freescale/CW MCU v10.5/MCU/ARM_GCC_Support/ewl/lib/armv6-m\libm.a(e_sqrt.o) (__double_nan)
C:/Freescale/CW MCU v10.5/MCU/ARM_GCC_Support/ewl/lib/armv6-m\libm.a(math_api.o)
                              C:/Freescale/CW MCU v10.5/MCU/ARM_GCC_Support/ewl/lib/armv6-m\libm.a(e_powf.o) (__fpclassifyf)
C:/Freescale/CW MCU v10.5/MCU/ARM_GCC_Support/ewl/lib/armv6-m\libm.a(s_scalbnf.o)
                              C:/Freescale/CW MCU v10.5/MCU/ARM_GCC_Support/ewl/lib/armv6-m\libm.a(e_powf.o) (scalbnf)
c:/freescale/cw mcu v10.5/cross_tools/arm-none-eabi-gcc-4_7_3/bin/../lib/gcc/arm-none-eabi/4.7.3/armv6-m\libgcc.a(_thumb1_case_sqi.o)
                              C:/Freescale/CW MCU v10.5/MCU/ARM_GCC_Support/ewl/lib/armv6-m\libc.a(__strtoul.o) (__gnu_thumb1_case_sqi)
c:/freescale/cw mcu v10.5/cross_tools/arm-none-eabi-gcc-4_7_3/bin/../lib/gcc/arm-none-eabi/4.7.3/armv6-m\libgcc.a(_thumb1_case_uqi.o)
                              C:/Freescale/CW MCU v10.5/MCU/ARM_GCC_Support/ewl/lib/armv6-m\libc.a(scanformat_.o) (__gnu_thumb1_case_uqi)
c:/freescale/cw mcu v10.5/cross_tools/arm-none-eabi-gcc-4_7_3/bin/../lib/gcc/arm-none-eabi/4.7.3/armv6-m\libgcc.a(_udivsi3.o)
                              ./Generated_Code/GI2C1.o (__aeabi_uidiv)
c:/freescale/cw mcu v10.5/cross_tools/arm-none-eabi-gcc-4_7_3/bin/../lib/gcc/arm-none-eabi/4.7.3/armv6-m\libgcc.a(_dvmd_tls.o)
                              c:/freescale/cw mcu v10.5/cross_tools/arm-none-eabi-gcc-4_7_3/bin/../lib/gcc/arm-none-eabi/4.7.3/armv6-m\libgcc.a(_udivsi3.o) (__aeabi_idiv0)
c:/freescale/cw mcu v10.5/cross_tools/arm-none-eabi-gcc-4_7_3/bin/../lib/gcc/arm-none-eabi/4.7.3/armv6-m\libgcc.a(_arm_cmpdf2.o)
[...]
Memory Configuration

Name             Origin             Length             Attributes
m_interrupts     0x00000000         0x000000c0         xr
m_text           0x00000410         0x0003fbf0         xr
m_data           0x1fffe000         0x00008000         rw
m_cfmprotrom     0x00000400         0x00000010         xr
*default*        0x00000000         0xffffffff

Linker script and memory map

LOAD ./Generated_Code/WAIT1.o
LOAD ./Generated_Code/Vectors.o
LOAD ./Generated_Code/TimerIntLdd1.o
LOAD ./Generated_Code/TU3.o
LOAD ./Generated_Code/TU2.o
LOAD ./Generated_Code/TU1.o
LOAD ./Generated_Code/TI1.o
LOAD ./Generated_Code/S1_Rodilla.o
LOAD ./Generated_Code/S1_Cadera_Flexion.o
LOAD ./Generated_Code/S1_Cadera_Aduccion.o
LOAD ./Generated_Code/S0_Rodilla.o
LOAD ./Generated_Code/S0_Cadera_Flexion.o
LOAD ./Generated_Code/S0_Cadera_Aduccion.o
LOAD ./Generated_Code/PwmLdd4.o
LOAD ./Generated_Code/PwmLdd3.o
LOAD ./Generated_Code/PwmLdd2.o
LOAD ./Generated_Code/PwmLdd1.o
LOAD ./Generated_Code/PWM_Tobillo.o
LOAD ./Generated_Code/PWM_Rodilla.o
LOAD ./Generated_Code/PWM_Cadera_Flexion.o
LOAD ./Generated_Code/PWM_Cadera_Aduccion.o
LOAD ./Generated_Code/PE_LDD.o
LOAD ./Generated_Code/KSDK1.o
LOAD ./Generated_Code/I2C1.o
LOAD ./Generated_Code/GI2C1.o
LOAD ./Generated_Code/DA1.o
LOAD ./Generated_Code/Cpu.o
LOAD ./Generated_Code/CS1.o
LOAD ./Generated_Code/BitIoLdd6.o
LOAD ./Generated_Code/BitIoLdd5.o
LOAD ./Generated_Code/BitIoLdd4.o
LOAD ./Generated_Code/BitIoLdd3.o
LOAD ./Generated_Code/BitIoLdd2.o
LOAD ./Generated_Code/BitIoLdd1.o
LOAD ./Generated_Code/ASerialLdd1.o
LOAD ./Generated_Code/AS1.o
LOAD ./Project_Settings/Startup_Code/__arm_start.o
LOAD ./Project_Settings/Startup_Code/__arm_end.o
LOAD ./Sources/sa_mtb.o
LOAD ./Sources/ProcessorExpert.o
LOAD ./Sources/Events.o
                0x00006e0c                __pformatter = __pformatter_
                [0x00007234]                __sformatter = __sformatter
START GROUP
LOAD C:/Freescale/CW MCU v10.5/MCU/ARM_GCC_Support/ewl/lib/armv6-m\libc.a
LOAD C:/Freescale/CW MCU v10.5/MCU/ARM_GCC_Support/ewl/lib/armv6-m\libm.a
LOAD c:/freescale/cw mcu v10.5/cross_tools/arm-none-eabi-gcc-4_7_3/bin/../lib/gcc/arm-none-eabi/4.7.3/armv6-m\libgcc.a
LOAD C:/Freescale/CW MCU v10.5/MCU/ARM_GCC_Support/ewl/lib/armv6-m\librt.a
LOAD C:/Freescale/CW MCU v10.5/MCU/ARM_GCC_Support/ewl/lib/armv6-m\libuart.a
END GROUP
                0x20006000                _estack = 0x20006000
                0x20006000                __SP_INIT = _estack
                0x00000000                __heap_size = 0x0
                0x00000400                __stack_size = 0x400

.interrupts     0x00000000       0xc0
                0x00000000                __vector_table = .
                0x00000000                . = ALIGN (0x4)
 *(.vectortable)
 .vectortable   0x00000000       0xc0 ./Generated_Code/Vectors.o
                0x00000000                __vect_table
                0x000000c0                . = ALIGN (0x4)

.cfmprotect     0x00000400       0x10
                0x00000400                . = ALIGN (0x4)
 *(.cfmconfig)
 .cfmconfig     0x00000400       0x10 ./Generated_Code/Cpu.o
                0x00000400                _cfm
                0x00000410                . = ALIGN (0x4)

.text           0x00000410     0x8928
                0x00000410                . = ALIGN (0x4)
 *(.text)
 .text          0x00000410       0x14 c:/freescale/cw mcu v10.5/cross_tools/arm-none-eabi-gcc-4_7_3/bin/../lib/gcc/arm-none-eabi/4.7.3/armv6-m\libgcc.a(_thumb1_case_sqi.o)
                0x00000410                __gnu_thumb1_case_sqi
 .text          0x00000424       0x14 c:/freescale/cw mcu v10.5/cross_tools/arm-none-eabi-gcc-4_7_3/bin/../lib/gcc/arm-none-eabi/4.7.3/armv6-m\libgcc.a(_thumb1_case_uqi.o)
                0x00000424                __gnu_thumb1_case_uqi
 .text          0x00000438       0x9c c:/freescale/cw mcu v10.5/cross_tools/arm-none-eabi-gcc-4_7_3/bin/../lib/gcc/arm-none-eabi/4.7.3/armv6-m\libgcc.a(_udivsi3.o)
                0x00000438                __aeabi_uidiv
                0x00000438                __udivsi3
                0x000004c0                __aeabi_uidivmod
 .text          0x000004d4        0x4 c:/freescale/cw mcu v10.5/cross_tools/arm-none-eabi-gcc-4_7_3/bin/../lib/gcc/arm-none-eabi/4.7.3/armv6-m\libgcc.a(_dvmd_tls.o)
                0x000004d4                __aeabi_idiv0
                0x000004d4                __aeabi_ldiv0
 .text          0x000004d8       0x7c c:/freescale/cw mcu v10.5/cross_tools/arm-none-eabi-gcc-4_7_3/bin/../lib/gcc/arm-none-eabi/4.7.3/armv6-m\libgcc.a(_arm_cmpdf2.o)
                0x000004d8                __aeabi_cdrcmple
                0x000004e8                __aeabi_cdcmple
                0x000004e8                __aeabi_cdcmpeq
                0x000004f8                __aeabi_dcmpeq
                0x00000504                __aeabi_dcmplt
                0x00000518                __aeabi_dcmple
                0x0000052c                __aeabi_dcmpgt
                0x00000540                __aeabi_dcmpge
 .text          0x00000554       0x74 c:/freescale/cw mcu v10.5/cross_tools/arm-none-eabi-gcc-4_7_3/bin/../lib/gcc/arm-none-eabi/4.7.3/armv6-m\libgcc.a(_arm_cmpsf2.o)
                0x00000554                __aeabi_cfrcmple
                0x0000055c                __aeabi_cfcmpeq
                0x0000055c                __aeabi_cfcmple
                0x0000056c                __aeabi_fcmpeq
                0x00000578                __aeabi_fcmplt
                0x0000058c                __aeabi_fcmple
                0x000005a0                __aeabi_fcmpgt
                0x000005b4                __aeabi_fcmpge
 .text          0x000005c8       0x30 c:/freescale/cw mcu v10.5/cross_tools/arm-none-eabi-gcc-4_7_3/bin/../lib/gcc/arm-none-eabi/4.7.3/armv6-m\libgcc.a(_fixunssfsi.o)
                0x000005c8                __fixunssfsi
                0x000005c8                __aeabi_f2uiz
 .text          0x000005f8      0x3a4 c:/freescale/cw mcu v10.5/cross_tools/arm-none-eabi-gcc-4_7_3/bin/../lib/gcc/arm-none-eabi/4.7.3/armv6-m\libgcc.a(addsf3.o)
                0x000005f8                __aeabi_fadd
 .text          0x0000099c      0x274 c:/freescale/cw mcu v10.5/cross_tools/arm-none-eabi-gcc-4_7_3/bin/../lib/gcc/arm-none-eabi/4.7.3/armv6-m\libgcc.a(divsf3.o)
                0x0000099c                __aeabi_fdiv
 .text          0x00000c10       0x50 c:/freescale/cw mcu v10.5/cross_tools/arm-none-eabi-gcc-4_7_3/bin/../lib/gcc/arm-none-eabi/4.7.3/armv6-m\libgcc.a(eqsf2.o)
                0x00000c10                __eqsf2
                0x00000c10                __nesf2
 .text          0x00000c60       0x90 c:/freescale/cw mcu v10.5/cross_tools/arm-none-eabi-gcc-4_7_3/bin/../lib/gcc/arm-none-eabi/4.7.3/armv6-m\libgcc.a(gesf2.o)
                0x00000c60                __gesf2
                0x00000c60                __gtsf2
 .text          0x00000cf0       0x90 c:/freescale/cw mcu v10.5/cross_tools/arm-none-eabi-gcc-4_7_3/bin/../lib/gcc/arm-none-eabi/4.7.3/armv6-m\libgcc.a(lesf2.o)
                0x00000cf0                __ltsf2
                0x00000cf0                __lesf2
 .text          0x00000d80      0x260 c:/freescale/cw mcu v10.5/cross_tools/arm-none-eabi-gcc-4_7_3/bin/../lib/gcc/arm-none-eabi/4.7.3/armv6-m\libgcc.a(mulsf3.o)
                0x00000d80                __aeabi_fmul
 .text          0x00000fe0      0x3ac c:/freescale/cw mcu v10.5/cross_tools/arm-none-eabi-gcc-4_7_3/bin/../lib/gcc/arm-none-eabi/4.7.3/armv6-m\libgcc.a(subsf3.o)
                0x00000fe0                __aeabi_fsub
 .text          0x0000138c       0x40 c:/freescale/cw mcu v10.5/cross_tools/arm-none-eabi-gcc-4_7_3/bin/../lib/gcc/arm-none-eabi/4.7.3/armv6-m\libgcc.a(fixsfsi.o)
                0x0000138c                __aeabi_f2iz
 .text          0x000013cc       0xa8 c:/freescale/cw mcu v10.5/cross_tools/arm-none-eabi-gcc-4_7_3/bin/../lib/gcc/arm-none-eabi/4.7.3/armv6-m\libgcc.a(floatsisf.o)
                0x000013cc                __aeabi_i2f
 .text          0x00001474      0x758 c:/freescale/cw mcu v10.5/cross_tools/arm-none-eabi-gcc-4_7_3/bin/../lib/gcc/arm-none-eabi/4.7.3/armv6-m\libgcc.a(adddf3.o)
                0x00001474                __aeabi_dadd
 .text          0x00001bcc      0x5b8 c:/freescale/cw mcu v10.5/cross_tools/arm-none-eabi-gcc-4_7_3/bin/../lib/gcc/arm-none-eabi/4.7.3/armv6-m\libgcc.a(divdf3.o)
                0x00001bcc                __aeabi_ddiv
 .text          0x00002184       0x7c c:/freescale/cw mcu v10.5/cross_tools/arm-none-eabi-gcc-4_7_3/bin/../lib/gcc/arm-none-eabi/4.7.3/armv6-m\libgcc.a(eqdf2.o)
                0x00002184                __nedf2
                0x00002184                __eqdf2
 .text          0x00002200       0xe8 c:/freescale/cw mcu v10.5/cross_tools/arm-none-eabi-gcc-4_7_3/bin/../lib/gcc/arm-none-eabi/4.7.3/armv6-m\libgcc.a(gedf2.o)
                0x00002200                __gedf2
                0x00002200                __gtdf2
 .text          0x000022e8       0xd8 c:/freescale/cw mcu v10.5/cross_tools/arm-none-eabi-gcc-4_7_3/bin/../lib/gcc/arm-none-eabi/4.7.3/armv6-m\libgcc.a(ledf2.o)
                0x000022e8                __ledf2
                0x000022e8                __ltdf2
 .text          0x000023c0      0x4e4 c:/freescale/cw mcu v10.5/cross_tools/arm-none-eabi-gcc-4_7_3/bin/../lib/gcc/arm-none-eabi/4.7.3/armv6-m\libgcc.a(muldf3.o)
                0x000023c0                __aeabi_dmul
 .text          0x000028a4      0x6f8 c:/freescale/cw mcu v10.5/cross_tools/arm-none-eabi-gcc-4_7_3/bin/../lib/gcc/arm-none-eabi/4.7.3/armv6-m\libgcc.a(subdf3.o)
                0x000028a4                __aeabi_dsub
 .text          0x00002f9c       0x74 c:/freescale/cw mcu v10.5/cross_tools/arm-none-eabi-gcc-4_7_3/bin/../lib/gcc/arm-none-eabi/4.7.3/armv6-m\libgcc.a(floatsidf.o)
                0x00002f9c                __aeabi_i2d
 .text          0x00003010       0xa8 c:/freescale/cw mcu v10.5/cross_tools/arm-none-eabi-gcc-4_7_3/bin/../lib/gcc/arm-none-eabi/4.7.3/armv6-m\libgcc.a(extendsfdf2.o)
                0x00003010                __aeabi_f2d
 .text          0x000030b8      0x134 c:/freescale/cw mcu v10.5/cross_tools/arm-none-eabi-gcc-4_7_3/bin/../lib/gcc/arm-none-eabi/4.7.3/armv6-m\libgcc.a(truncdfsf2.o)
                0x000030b8                __aeabi_d2f
 .text          0x000031ec       0x3c c:/freescale/cw mcu v10.5/cross_tools/arm-none-eabi-gcc-4_7_3/bin/../lib/gcc/arm-none-eabi/4.7.3/armv6-m\libgcc.a(_clzsi2.o)
                0x000031ec                __clzsi2
 *(.text*)
 .text.WAIT1_Wait10Cycles
                0x00003228        0x8 ./Generated_Code/WAIT1.o
                0x00003228                WAIT1_Wait10Cycles
 .text.WAIT1_Wait100Cycles
                0x00003230       0x24 ./Generated_Code/WAIT1.o
                0x00003230                WAIT1_Wait100Cycles
 .text.WAIT1_WaitCycles
                0x00003254       0x44 ./Generated_Code/WAIT1.o
                0x00003254                WAIT1_WaitCycles
 .text.TimerIntLdd1_Init
                0x00003298       0x7c ./Generated_Code/TimerIntLdd1.o
                0x00003298                TimerIntLdd1_Init
 .text.TU3_OnChannel0
                0x00003314       0x68 ./Generated_Code/TimerIntLdd1.o
                0x00003314                TU3_OnChannel0
 .text.TU3_Init
                0x0000337c       0xe8 ./Generated_Code/TU3.o
                0x0000337c                TU3_Init
 .text.TU3_SetEventMask
                0x00003464       0xec ./Generated_Code/TU3.o
                0x00003464                TU3_SetEventMask
 .text.TU3_GetEventMask
                0x00003550       0x18 ./Generated_Code/TU3.o
                0x00003550                TU3_GetEventMask
 .text.TU3_SetOffsetTicks
                0x00003568       0x58 ./Generated_Code/TU3.o
                0x00003568                TU3_SetOffsetTicks
 .text.TU3_GetOffsetTicks
                0x000035c0       0x64 ./Generated_Code/TU3.o
                0x000035c0                TU3_GetOffsetTicks
 .text.TU3_Interrupt
                0x00003624       0x7c ./Generated_Code/TU3.o
                0x00003624                TU3_Interrupt
 .text.TU2_Init
                0x000036a0      0x11c ./Generated_Code/TU2.o
                0x000036a0                TU2_Init
 .text.TU2_GetPeriodTicks
                0x000037bc       0x3c ./Generated_Code/TU2.o
                0x000037bc                TU2_GetPeriodTicks
 .text.TU2_SetOffsetTicks
                0x000037f8       0x58 ./Generated_Code/TU2.o
                0x000037f8                TU2_SetOffsetTicks
 .text.TU2_Interrupt
                0x00003850       0xb0 ./Generated_Code/TU2.o
                0x00003850                TU2_Interrupt
 .text.TU1_Init
                0x00003900      0x128 ./Generated_Code/TU1.o
                0x00003900                TU1_Init
 .text.TU1_GetPeriodTicks
                0x00003a28       0x3c ./Generated_Code/TU1.o
                0x00003a28                TU1_GetPeriodTicks
 .text.TU1_SetOffsetTicks
                0x00003a64       0x58 ./Generated_Code/TU1.o
                0x00003a64                TU1_SetOffsetTicks
 .text.TimerIntLdd1_OnInterrupt
                0x00003abc       0x14 ./Generated_Code/TI1.o
                0x00003abc                TimerIntLdd1_OnInterrupt
 .text.PwmLdd4_Init
                0x00003ad0       0x58 ./Generated_Code/PwmLdd4.o
                0x00003ad0                PwmLdd4_Init
 .text.PwmLdd4_SetDutyUS
                0x00003b28       0x7c ./Generated_Code/PwmLdd4.o
                0x00003b28                PwmLdd4_SetDutyUS
 .text.TU2_OnCounterRestart
                0x00003ba4       0x24 ./Generated_Code/PwmLdd4.o
                0x00003ba4                TU2_OnCounterRestart
 .text.SetRatio
                0x00003bc8       0x68 ./Generated_Code/PwmLdd4.o
 .text.PwmLdd3_Init
                0x00003c30       0x58 ./Generated_Code/PwmLdd3.o
                0x00003c30                PwmLdd3_Init
 .text.PwmLdd3_SetDutyUS
                0x00003c88       0x7c ./Generated_Code/PwmLdd3.o
                0x00003c88                PwmLdd3_SetDutyUS
 .text.SetRatio
                0x00003d04       0x68 ./Generated_Code/PwmLdd3.o
 .text.PwmLdd2_Init
                0x00003d6c       0x58 ./Generated_Code/PwmLdd2.o
                0x00003d6c                PwmLdd2_Init
 .text.PwmLdd2_SetDutyUS
                0x00003dc4       0x7c ./Generated_Code/PwmLdd2.o
                0x00003dc4                PwmLdd2_SetDutyUS
 .text.SetRatio
                0x00003e40       0x68 ./Generated_Code/PwmLdd2.o
 .text.PwmLdd1_Init
                0x00003ea8       0x58 ./Generated_Code/PwmLdd1.o
                0x00003ea8                PwmLdd1_Init
 .text.PwmLdd1_SetDutyUS
                0x00003f00       0x7c ./Generated_Code/PwmLdd1.o
                0x00003f00                PwmLdd1_SetDutyUS
 .text.SetRatio
                0x00003f7c       0x68 ./Generated_Code/PwmLdd1.o
 .text.PwmLdd4_OnEnd
                0x00003fe4       0x14 ./Generated_Code/PWM_Tobillo.o
                0x00003fe4                PwmLdd4_OnEnd
 .text.I2C1_Interrupt
                0x00003ff8      0x2ac ./Generated_Code/I2C1.o
                0x00003ff8                I2C1_Interrupt
 .text.I2C1_Init
                0x000042a4      0x120 ./Generated_Code/I2C1.o
                0x000042a4                I2C1_Init
 .text.I2C1_MasterSendBlock
                0x000043c4      0x190 ./Generated_Code/I2C1.o
                0x000043c4                I2C1_MasterSendBlock
 .text.I2C1_MasterReceiveBlock
                0x00004554      0x190 ./Generated_Code/I2C1.o
                0x00004554                I2C1_MasterReceiveBlock
 .text.I2C1_SelectSlaveDevice
                0x000046e4      0x100 ./Generated_Code/I2C1.o
                0x000046e4                I2C1_SelectSlaveDevice
 .text.GI2C1_SelectSlave
                0x000047e4       0x38 ./Generated_Code/GI2C1.o
                0x000047e4                GI2C1_SelectSlave
 .text.GI2C1_UnselectSlave
                0x0000481c        0xc ./Generated_Code/GI2C1.o
                0x0000481c                GI2C1_UnselectSlave
 .text.GI2C1_ReadAddress
                0x00004828       0xe0 ./Generated_Code/GI2C1.o
                0x00004828                GI2C1_ReadAddress
 .text.GI2C1_WriteAddress
                0x00004908      0x140 ./Generated_Code/GI2C1.o
                0x00004908                GI2C1_WriteAddress
 .text.I2C1_OnMasterBlockSent
                0x00004a48       0x24 ./Generated_Code/GI2C1.o
                0x00004a48                I2C1_OnMasterBlockSent
 .text.I2C1_OnMasterBlockReceived
                0x00004a6c       0x24 ./Generated_Code/GI2C1.o
                0x00004a6c                I2C1_OnMasterBlockReceived
 .text.GI2C1_Init
                0x00004a90       0x24 ./Generated_Code/GI2C1.o
                0x00004a90                GI2C1_Init
 .text.GI2C1_WriteByteAddress8
                0x00004ab4       0x34 ./Generated_Code/GI2C1.o
                0x00004ab4                GI2C1_WriteByteAddress8
 .text.DA1_Init
                0x00004ae8       0xa4 ./Generated_Code/DA1.o
                0x00004ae8                DA1_Init
 .text.DA1_SetValue
                0x00004b8c       0x44 ./Generated_Code/DA1.o
                0x00004b8c                DA1_SetValue
 .text.Cpu_INT_NMIInterrupt
                0x00004bd0        0xc ./Generated_Code/Cpu.o
                0x00004bd0                Cpu_INT_NMIInterrupt
 .text.Cpu_Interrupt
                0x00004bdc        0xc ./Generated_Code/Cpu.o
                0x00004bdc                Cpu_Interrupt
 .text.__init_hardware
                0x00004be8      0x118 ./Generated_Code/Cpu.o
                0x00004be8                __init_hardware
 .text.PE_low_level_init
                0x00004d00      0x114 ./Generated_Code/Cpu.o
                0x00004d00                PE_low_level_init
 .text.BitIoLdd6_Init
                0x00004e14       0x60 ./Generated_Code/BitIoLdd6.o
                0x00004e14                BitIoLdd6_Init
 .text.BitIoLdd6_ClrVal
                0x00004e74       0x18 ./Generated_Code/BitIoLdd6.o
                0x00004e74                BitIoLdd6_ClrVal
 .text.BitIoLdd6_SetVal
                0x00004e8c       0x18 ./Generated_Code/BitIoLdd6.o
                0x00004e8c                BitIoLdd6_SetVal
 .text.BitIoLdd5_Init
                0x00004ea4       0x60 ./Generated_Code/BitIoLdd5.o
                0x00004ea4                BitIoLdd5_Init
 .text.BitIoLdd5_ClrVal
                0x00004f04       0x18 ./Generated_Code/BitIoLdd5.o
                0x00004f04                BitIoLdd5_ClrVal
 .text.BitIoLdd5_SetVal
                0x00004f1c       0x18 ./Generated_Code/BitIoLdd5.o
                0x00004f1c                BitIoLdd5_SetVal
 .text.BitIoLdd4_Init
                0x00004f34       0x68 ./Generated_Code/BitIoLdd4.o
                0x00004f34                BitIoLdd4_Init
 .text.BitIoLdd4_ClrVal
                0x00004f9c       0x1c ./Generated_Code/BitIoLdd4.o
                0x00004f9c                BitIoLdd4_ClrVal
 .text.BitIoLdd4_SetVal
                0x00004fb8       0x1c ./Generated_Code/BitIoLdd4.o
                0x00004fb8                BitIoLdd4_SetVal
 .text.BitIoLdd3_Init
                0x00004fd4       0x68 ./Generated_Code/BitIoLdd3.o
                0x00004fd4                BitIoLdd3_Init
 .text.BitIoLdd3_ClrVal
                0x0000503c       0x1c ./Generated_Code/BitIoLdd3.o
                0x0000503c                BitIoLdd3_ClrVal
 .text.BitIoLdd3_SetVal
                0x00005058       0x1c ./Generated_Code/BitIoLdd3.o
                0x00005058                BitIoLdd3_SetVal
 .text.BitIoLdd2_Init
                0x00005074       0x60 ./Generated_Code/BitIoLdd2.o
                0x00005074                BitIoLdd2_Init
 .text.BitIoLdd2_ClrVal
                0x000050d4       0x18 ./Generated_Code/BitIoLdd2.o
                0x000050d4                BitIoLdd2_ClrVal
 .text.BitIoLdd2_SetVal
                0x000050ec       0x18 ./Generated_Code/BitIoLdd2.o
                0x000050ec                BitIoLdd2_SetVal
 .text.BitIoLdd1_Init
                0x00005104       0x60 ./Generated_Code/BitIoLdd1.o
                0x00005104                BitIoLdd1_Init
 .text.BitIoLdd1_ClrVal
                0x00005164       0x18 ./Generated_Code/BitIoLdd1.o
                0x00005164                BitIoLdd1_ClrVal
 .text.BitIoLdd1_SetVal
                0x0000517c       0x18 ./Generated_Code/BitIoLdd1.o
                0x0000517c                BitIoLdd1_SetVal
 .text.ASerialLdd1_Init
                0x00005194      0x174 ./Generated_Code/ASerialLdd1.o
                0x00005194                ASerialLdd1_Init
 .text.ASerialLdd1_Enable
                0x00005308       0x70 ./Generated_Code/ASerialLdd1.o
                0x00005308                ASerialLdd1_Enable
 .text.ASerialLdd1_Disable
                0x00005378       0x68 ./Generated_Code/ASerialLdd1.o
                0x00005378                ASerialLdd1_Disable
 .text.ASerialLdd1_ReceiveBlock
                0x000053e0       0x98 ./Generated_Code/ASerialLdd1.o
                0x000053e0                ASerialLdd1_ReceiveBlock
 .text.ASerialLdd1_SendBlock
                0x00005478       0xc4 ./Generated_Code/ASerialLdd1.o
                0x00005478                ASerialLdd1_SendBlock
 .text.InterruptRx
                0x0000553c       0x58 ./Generated_Code/ASerialLdd1.o
 .text.InterruptTx
                0x00005594       0x80 ./Generated_Code/ASerialLdd1.o
 .text.ASerialLdd1_Interrupt
                0x00005614       0xf4 ./Generated_Code/ASerialLdd1.o
                0x00005614                ASerialLdd1_Interrupt
 .text.ASerialLdd1_GetError
                0x00005708       0x74 ./Generated_Code/ASerialLdd1.o
                0x00005708                ASerialLdd1_GetError
 .text.HWEnDi   0x0000577c       0x68 ./Generated_Code/AS1.o
 .text.AS1_RecvChar
                0x000057e4       0xdc ./Generated_Code/AS1.o
                0x000057e4                AS1_RecvChar
 .text.AS1_RecvBlock
                0x000058c0       0x68 ./Generated_Code/AS1.o
                0x000058c0                AS1_RecvBlock
 .text.AS1_Init
                0x00005928       0x50 ./Generated_Code/AS1.o
                0x00005928                AS1_Init
 .text.ASerialLdd1_OnBlockReceived
                0x00005978       0xc0 ./Generated_Code/AS1.o
                0x00005978                ASerialLdd1_OnBlockReceived
 .text.ASerialLdd1_OnBlockSent
                0x00005a38       0x54 ./Generated_Code/AS1.o
                0x00005a38                ASerialLdd1_OnBlockSent
 .text.ASerialLdd1_OnError
                0x00005a8c       0x94 ./Generated_Code/AS1.o
                0x00005a8c                ASerialLdd1_OnError
 .text.ASerialLdd1_OnBreak
                0x00005b20       0x20 ./Generated_Code/AS1.o
                0x00005b20                ASerialLdd1_OnBreak
 .text.zero_fill_bss
                0x00005b40       0x24 ./Project_Settings/Startup_Code/__arm_start.o
 .text.__thumb_startup
                0x00005b64       0x30 ./Project_Settings/Startup_Code/__arm_start.o
                0x00005b64                __thumb_startup
 .text._ExitProcess
                0x00005b94        0xc ./Project_Settings/Startup_Code/__arm_end.o
                0x00005b94                _ExitProcess
 .text.ajustar_angulo
                0x00005ba0      0x250 ./Sources/ProcessorExpert.o
                0x00005ba0                ajustar_angulo
 .text.actualizar_angulos
                0x00005df0      0x988 ./Sources/ProcessorExpert.o
                0x00005df0                actualizar_angulos
 .text.captura_maximo
                0x00006778       0x68 ./Sources/ProcessorExpert.o
                0x00006778                captura_maximo
 .text.captura_minimo
                0x000067e0       0x68 ./Sources/ProcessorExpert.o
                0x000067e0                captura_minimo
 .text.tipo_orden
                0x00006848       0xc8 ./Sources/ProcessorExpert.o
                0x00006848                tipo_orden
 .text.main     0x00006910      0x234 ./Sources/ProcessorExpert.o
                0x00006910                main
 .text.Cpu_OnNMIINT
                0x00006b44        0x8 ./Sources/Events.o
                0x00006b44                Cpu_OnNMIINT
 .text.AS1_OnError
                0x00006b4c        0x8 ./Sources/Events.o
                0x00006b4c                AS1_OnError
 .text.AS1_OnRxChar
                0x00006b54        0x8 ./Sources/Events.o
                0x00006b54                AS1_OnRxChar
 .text.AS1_OnTxChar
                0x00006b5c        0x8 ./Sources/Events.o
                0x00006b5c                AS1_OnTxChar
 .text.AS1_OnFullRxBuf
                0x00006b64       0x20 ./Sources/Events.o
                0x00006b64                AS1_OnFullRxBuf
 .text.TI1_OnInterrupt
                0x00006b84       0x84 ./Sources/Events.o
                0x00006b84                TI1_OnInterrupt
 .text.PWM_Tobillo_OnEnd
                0x00006c08       0x14 ./Sources/Events.o
                0x00006c08                PWM_Tobillo_OnEnd
 .text.TU2_OnChannel1
                0x00006c1c       0x10 ./Sources/Events.o
                0x00006c1c                TU2_OnChannel1
 .text.exit     0x00006c2c       0x38 C:/Freescale/CW MCU v10.5/MCU/ARM_GCC_Support/ewl/lib/armv6-m\libc.a(exit.o)
                0x00006c2c                exit
 .text.memset   0x00006c64        0xc C:/Freescale/CW MCU v10.5/MCU/ARM_GCC_Support/ewl/lib/armv6-m\libc.a(memset.o)
                0x00006c64                memset
 .text.long2str.isra.0
                0x00006c70      0x19c C:/Freescale/CW MCU v10.5/MCU/ARM_GCC_Support/ewl/lib/armv6-m\libc.a(printformat_.o)
 .text.__pformatter_
                0x00006e0c      0x428 C:/Freescale/CW MCU v10.5/MCU/ARM_GCC_Support/ewl/lib/armv6-m\libc.a(printformat_.o)
                0x00006e0c                __pformatter_
 .text.__sformatter
                0x00007234      0x698 C:/Freescale/CW MCU v10.5/MCU/ARM_GCC_Support/ewl/lib/armv6-m\libc.a(scanformat_.o)
                0x00007234                __sformatter
 .text.isalpha  0x000078cc       0x20 C:/Freescale/CW MCU v10.5/MCU/ARM_GCC_Support/ewl/lib/armv6-m\libc.a(ctype_aeabi.o)
                0x000078cc                isalpha
 .text.isspace  0x000078ec       0x20 C:/Freescale/CW MCU v10.5/MCU/ARM_GCC_Support/ewl/lib/armv6-m\libc.a(ctype_aeabi.o)
                0x000078ec                isspace
 .text.toupper  0x0000790c        0xe C:/Freescale/CW MCU v10.5/MCU/ARM_GCC_Support/ewl/lib/armv6-m\libc.a(ctype_aeabi.o)
                0x0000790c                toupper
 .text.__strtoul
                0x0000791a      0x1ce C:/Freescale/CW MCU v10.5/MCU/ARM_GCC_Support/ewl/lib/armv6-m\libc.a(__strtoul.o)
                0x0000791a                __strtoul
 .text.__fill_mem
                0x00007ae8       0x7e C:/Freescale/CW MCU v10.5/MCU/ARM_GCC_Support/ewl/lib/armv6-m\libc.a(__filll_mem.o)
                0x00007ae8                __fill_mem
 .text.memchr   0x00007b66       0x1a C:/Freescale/CW MCU v10.5/MCU/ARM_GCC_Support/ewl/lib/armv6-m\libc.a(memchr.o)
                0x00007b66                memchr
 .text.memcpy   0x00007b80       0x12 C:/Freescale/CW MCU v10.5/MCU/ARM_GCC_Support/ewl/lib/armv6-m\libc.a(memcpy.o)
                0x00007b80                memcpy
 .text.strchr   0x00007b92       0x1e C:/Freescale/CW MCU v10.5/MCU/ARM_GCC_Support/ewl/lib/armv6-m\libc.a(strchr.o)
                0x00007b92                strchr
 .text.strlen   0x00007bb0       0x10 C:/Freescale/CW MCU v10.5/MCU/ARM_GCC_Support/ewl/lib/armv6-m\libc.a(strlen.o)
                0x00007bb0                strlen
 .text.atan     0x00007bc0      0x358 C:/Freescale/CW MCU v10.5/MCU/ARM_GCC_Support/ewl/lib/armv6-m\libm.a(s_atan.o)
                0x00007bc0                atan
 .text.powf     0x00007f18        0x8 C:/Freescale/CW MCU v10.5/MCU/ARM_GCC_Support/ewl/lib/armv6-m\libm.a(w_powf.o)
                0x00007f18                powf
 .text.sqrt     0x00007f20        0x8 C:/Freescale/CW MCU v10.5/MCU/ARM_GCC_Support/ewl/lib/armv6-m\libm.a(w_sqrt.o)
                0x00007f20                sqrt
 .text.__ieee754_powf
                0x00007f28      0x74c C:/Freescale/CW MCU v10.5/MCU/ARM_GCC_Support/ewl/lib/armv6-m\libm.a(e_powf.o)
                0x00007f28                __ieee754_powf
 .text.__ieee754_sqrt
                0x00008674      0x17c C:/Freescale/CW MCU v10.5/MCU/ARM_GCC_Support/ewl/lib/armv6-m\libm.a(e_sqrt.o)
                0x00008674                __ieee754_sqrt
 .text.__ieee754_sqrtf
                0x000087f0       0xb8 C:/Freescale/CW MCU v10.5/MCU/ARM_GCC_Support/ewl/lib/armv6-m\libm.a(e_sqrtf.o)
                0x000087f0                __ieee754_sqrtf
 .text.__fpclassifyf
                0x000088a8       0x2a C:/Freescale/CW MCU v10.5/MCU/ARM_GCC_Support/ewl/lib/armv6-m\libm.a(math_api.o)
                0x000088a8                __fpclassifyf
 *fill*         0x000088d2        0x2 00
 .text.scalbnf  0x000088d4       0xb0 C:/Freescale/CW MCU v10.5/MCU/ARM_GCC_Support/ewl/lib/armv6-m\libm.a(s_scalbnf.o)
                0x000088d4                scalbnf
 .text.__init_cpp
                0x00008984       0x48 C:/Freescale/CW MCU v10.5/MCU/ARM_GCC_Support/ewl/lib/armv6-m\librt.a(gcc_ctor_dtor.o)
                0x00008984                __init_cpp
 .text.__fini_cpp
                0x000089cc       0x34 C:/Freescale/CW MCU v10.5/MCU/ARM_GCC_Support/ewl/lib/armv6-m\librt.a(gcc_ctor_dtor.o)
                0x000089cc                __fini_cpp
 .text.__copy_rom_section
                0x00008a00       0x48 C:/Freescale/CW MCU v10.5/MCU/ARM_GCC_Support/ewl/lib/armv6-m\librt.a(ROMCopy.o)
                0x00008a00                __copy_rom_section
 .text.__copy_rom_sections_to_ram
                0x00008a48       0x34 C:/Freescale/CW MCU v10.5/MCU/ARM_GCC_Support/ewl/lib/armv6-m\librt.a(ROMCopy.o)
                0x00008a48                __copy_rom_sections_to_ram
 .text.__destroy_global_chain
                0x00008a7c       0x1c C:/Freescale/CW MCU v10.5/MCU/ARM_GCC_Support/ewl/lib/armv6-m\librt.a(__arm_eabi_init.o)
                0x00008a7c                __destroy_global_chain
 .text.__init_registers
                0x00008a98       0x1c C:/Freescale/CW MCU v10.5/MCU/ARM_GCC_Support/ewl/lib/armv6-m\librt.a(__arm_eabi_init.o)
                0x00008a98                __init_registers
 .text.__init_user
                0x00008ab4        0x4 C:/Freescale/CW MCU v10.5/MCU/ARM_GCC_Support/ewl/lib/armv6-m\librt.a(__arm_eabi_init.o)
                0x00008ab4                __init_user
 *(.rodata)
 .rodata        0x00008ab8       0x40 c:/freescale/cw mcu v10.5/cross_tools/arm-none-eabi-gcc-4_7_3/bin/../lib/gcc/arm-none-eabi/4.7.3/armv6-m\libgcc.a(divsf3.o)
 .rodata        0x00008af8       0x40 c:/freescale/cw mcu v10.5/cross_tools/arm-none-eabi-gcc-4_7_3/bin/../lib/gcc/arm-none-eabi/4.7.3/armv6-m\libgcc.a(mulsf3.o)
 .rodata        0x00008b38       0x40 c:/freescale/cw mcu v10.5/cross_tools/arm-none-eabi-gcc-4_7_3/bin/../lib/gcc/arm-none-eabi/4.7.3/armv6-m\libgcc.a(divdf3.o)
 .rodata        0x00008b78       0x40 c:/freescale/cw mcu v10.5/cross_tools/arm-none-eabi-gcc-4_7_3/bin/../lib/gcc/arm-none-eabi/4.7.3/armv6-m\libgcc.a(muldf3.o)
 *(.rodata*)
 .rodata.ChannelDevice
                0x00008bb8        0x4 ./Generated_Code/TU3.o
 .rodata.ChannelMode
                0x00008bbc        0x4 ./Generated_Code/TU3.o
 .rodata.ChannelDevice
                0x00008bc0        0x4 ./Generated_Code/TU2.o
 .rodata.ChannelMode
                0x00008bc4        0x4 ./Generated_Code/TU2.o
 .rodata.ChannelDevice
                0x00008bc8        0x4 ./Generated_Code/TU1.o
 .rodata.ChannelMode
                0x00008bcc        0x4 ./Generated_Code/TU1.o
 .rodata.str1.1
                0x00008bd0        0x1 C:/Freescale/CW MCU v10.5/MCU/ARM_GCC_Support/ewl/lib/armv6-m\libc.a(printformat_.o)
 .rodata.CSWTCH.20
                0x00008bd1        0x5 C:/Freescale/CW MCU v10.5/MCU/ARM_GCC_Support/ewl/lib/armv6-m\libc.a(printformat_.o)
 .rodata.CSWTCH.21
                0x00008bd6        0x5 C:/Freescale/CW MCU v10.5/MCU/ARM_GCC_Support/ewl/lib/armv6-m\libc.a(printformat_.o)
 .rodata.__aeabi_ctype_table_C
                0x00008bdb      0x101 C:/Freescale/CW MCU v10.5/MCU/ARM_GCC_Support/ewl/lib/armv6-m\libc.a(ctype_aeabi.o)
                0x00008bdb                __aeabi_ctype_table_C
 *fill*         0x00008cdc        0x4 00
 .rodata.atanlo
                0x00008ce0       0x20 C:/Freescale/CW MCU v10.5/MCU/ARM_GCC_Support/ewl/lib/armv6-m\libm.a(s_atan.o)
 .rodata.atanhi
                0x00008d00       0x20 C:/Freescale/CW MCU v10.5/MCU/ARM_GCC_Support/ewl/lib/armv6-m\libm.a(s_atan.o)
 .rodata.dp_h   0x00008d20        0x8 C:/Freescale/CW MCU v10.5/MCU/ARM_GCC_Support/ewl/lib/armv6-m\libm.a(e_powf.o)
 .rodata.dp_l   0x00008d28        0x8 C:/Freescale/CW MCU v10.5/MCU/ARM_GCC_Support/ewl/lib/armv6-m\libm.a(e_powf.o)
 .rodata.bp     0x00008d30        0x8 C:/Freescale/CW MCU v10.5/MCU/ARM_GCC_Support/ewl/lib/armv6-m\libm.a(e_powf.o)
 *(.glue_7)
 .glue_7        0x00000000        0x0 linker stubs
 *(.glue_7t)
 .glue_7t       0x00000000        0x0 linker stubs
 *(.eh_frame)
 *(.init)
 *(.fini)
                0x00008d38                . = ALIGN (0x4)
                0x00008d38                _etext = .

.vfp11_veneer   0x00008d38        0x0
 .vfp11_veneer  0x00000000        0x0 linker stubs

.v4_bx          0x00008d38        0x0
 .v4_bx         0x00000000        0x0 linker stubs

.iplt           0x00008d38        0x0
 .iplt          0x00000000        0x0 ./Generated_Code/WAIT1.o

.rel.dyn        0x00008d38        0x0
 .rel.iplt      0x00000000        0x0 ./Generated_Code/WAIT1.o

.ARM.extab
 *(.ARM.extab* .gnu.linkonce.armextab.*)

.ARM            0x00008d38        0x0
                0x00008d38                __exidx_start = .
 *(.ARM.exidx*)
                0x00008d38                __exidx_end = .

.ctors          0x00008d38        0x0
                0x00008d38                __CTOR_LIST__ = .
 *crtbegin.o(.ctors)
 *(EXCLUDE_FILE(*crtend.o) .ctors)
 *(SORT(.ctors.*))
 *(.ctors)
                0x00008d38                __CTOR_END__ = .

.dtors          0x00008d38        0x0
                0x00008d38                __DTOR_LIST__ = .
 *crtbegin.o(.dtors)
 *(EXCLUDE_FILE(*crtend.o) .dtors)
 *(SORT(.dtors.*))
 *(.dtors)
                0x00008d38                __DTOR_END__ = .

.preinit_array  0x00008d38        0x0
                0x00008d38                PROVIDE (__preinit_array_start, .)
 *(.preinit_array*)
                0x00008d38                PROVIDE (__preinit_array_end, .)

.init_array     0x00008d38        0x0
                0x00008d38                PROVIDE (__init_array_start, .)
 *(SORT(.init_array.*))
 *(.init_array*)
                0x00008d38                PROVIDE (__init_array_end, .)

.fini_array     0x00008d38        0x0
                0x00008d38                PROVIDE (__fini_array_start, .)
 *(SORT(.fini_array.*))
 *(.fini_array*)
                0x00008d38                PROVIDE (__fini_array_end, .)
                0x00008d38                ___ROM_AT = .

.mtb            0x1fffe000        0x0
                0x1fffe000                . = ALIGN (0x8)
                0x1fffe000                _mtb_start = .
 *(.mtb_buf)
                0x1fffe000                . = ALIGN (0x8)
                0x1fffe000                _mtb_end = .

.data           0x1fffe000       0x48 load address 0x00008d38
                0x1fffe000                . = ALIGN (0x4)
                0x1fffe000                _sdata = .
 *(.data)
 *(.data*)
 .data.memAddr  0x1fffe000        0x1 ./Sources/ProcessorExpert.o
                0x1fffe000                memAddr
 .data.memAddr1
                0x1fffe001        0x1 ./Sources/ProcessorExpert.o
                0x1fffe001                memAddr1
 *fill*         0x1fffe002        0x2 00
 .data.onda     0x1fffe004       0x3c ./Sources/Events.o
                0x1fffe004                onda
 .data.__double_nan
                0x1fffe040        0x8 C:/Freescale/CW MCU v10.5/MCU/ARM_GCC_Support/ewl/lib/armv6-m\libm.a(float.o)
                0x1fffe040                __double_nan
                0x1fffe048                . = ALIGN (0x4)
                0x1fffe048                _edata = .
                0x00000048                ___data_size = (_edata - _sdata)

.igot.plt       0x1fffe048        0x0 load address 0x00008d80
 .igot.plt      0x00000000        0x0 ./Generated_Code/WAIT1.o
                0x1fffe048                . = ALIGN (0x4)

.bss            0x1fffe048      0x26c load address 0x00008d80
                0x1fffe048                __START_BSS = .
                0x1fffe048                PROVIDE (__bss_start__, __START_BSS)
 *(.bss)
 *(.bss*)
 .bss.DeviceDataPrv__DEFAULT_RTOS_ALLOC
                0x1fffe048       0x14 ./Generated_Code/TimerIntLdd1.o
 .bss.DeviceDataPrv__DEFAULT_RTOS_ALLOC
                0x1fffe05c        0xc ./Generated_Code/TU3.o
 .bss.INT_TPM2__DEFAULT_RTOS_ISRPARAM
                0x1fffe068        0x4 ./Generated_Code/TU3.o
 .bss.DeviceDataPrv__DEFAULT_RTOS_ALLOC
                0x1fffe06c       0x10 ./Generated_Code/TU2.o
 .bss.INT_TPM1__DEFAULT_RTOS_ISRPARAM
                0x1fffe07c        0x4 ./Generated_Code/TU2.o
 .bss.DeviceDataPrv__DEFAULT_RTOS_ALLOC
                0x1fffe080        0xc ./Generated_Code/TU1.o
 .bss.DeviceDataPrv__DEFAULT_RTOS_ALLOC
                0x1fffe08c        0xc ./Generated_Code/PwmLdd4.o
 .bss.DeviceDataPrv__DEFAULT_RTOS_ALLOC
                0x1fffe098        0xc ./Generated_Code/PwmLdd3.o
 .bss.DeviceDataPrv__DEFAULT_RTOS_ALLOC
                0x1fffe0a4        0xc ./Generated_Code/PwmLdd2.o
 .bss.DeviceDataPrv__DEFAULT_RTOS_ALLOC
                0x1fffe0b0        0xc ./Generated_Code/PwmLdd1.o
 .bss.PE_LDD_DeviceDataList
                0x1fffe0bc       0x44 ./Generated_Code/PE_LDD.o
                0x1fffe0bc                PE_LDD_DeviceDataList
 .bss.DeviceDataPrv__DEFAULT_RTOS_ALLOC
                0x1fffe100       0x18 ./Generated_Code/I2C1.o
 .bss.INT_I2C1__DEFAULT_RTOS_ISRPARAM
                0x1fffe118        0x4 ./Generated_Code/I2C1.o
 .bss.GI2C1_deviceData
                0x1fffe11c        0x8 ./Generated_Code/GI2C1.o
 .bss.writeBuf.5749
                0x1fffe124       0x10 ./Generated_Code/GI2C1.o
 .bss.DeviceDataPtr__DEFAULT_RTOS_ALLOC
                0x1fffe134        0x8 ./Generated_Code/DA1.o
 .bss.SR_lock   0x1fffe13c        0x1 ./Generated_Code/Cpu.o
                0x1fffe13c                SR_lock
 *fill*         0x1fffe13d        0x3 00
 .bss.DeviceDataPrv__DEFAULT_RTOS_ALLOC
                0x1fffe140        0x4 ./Generated_Code/BitIoLdd6.o
 .bss.DeviceDataPrv__DEFAULT_RTOS_ALLOC
                0x1fffe144        0x4 ./Generated_Code/BitIoLdd5.o
 .bss.DeviceDataPrv__DEFAULT_RTOS_ALLOC
                0x1fffe148        0x4 ./Generated_Code/BitIoLdd4.o
 .bss.DeviceDataPrv__DEFAULT_RTOS_ALLOC
                0x1fffe14c        0x4 ./Generated_Code/BitIoLdd3.o
 .bss.DeviceDataPrv__DEFAULT_RTOS_ALLOC
                0x1fffe150        0x4 ./Generated_Code/BitIoLdd2.o
 .bss.DeviceDataPrv__DEFAULT_RTOS_ALLOC
                0x1fffe154        0x4 ./Generated_Code/BitIoLdd1.o
 .bss.DeviceDataPrv__DEFAULT_RTOS_ALLOC
                0x1fffe158       0x20 ./Generated_Code/ASerialLdd1.o
 .bss.INT_UART2__DEFAULT_RTOS_ISRPARAM
                0x1fffe178        0x4 ./Generated_Code/ASerialLdd1.o
 .bss.EnUser    0x1fffe17c        0x1 ./Generated_Code/AS1.o
 *fill*         0x1fffe17d        0x1 00
 .bss.SerFlag   0x1fffe17e        0x2 ./Generated_Code/AS1.o
 .bss.AS1_InpLen
                0x1fffe180        0x2 ./Generated_Code/AS1.o
 .bss.InpIndexR
                0x1fffe182        0x2 ./Generated_Code/AS1.o
 .bss.InpIndexW
                0x1fffe184        0x2 ./Generated_Code/AS1.o
 *fill*         0x1fffe186        0x2 00
 .bss.InpBuffer
                0x1fffe188        0x8 ./Generated_Code/AS1.o
 .bss.BufferRead
                0x1fffe190        0x1 ./Generated_Code/AS1.o
 .bss.OutBuffer
                0x1fffe191        0x1 ./Generated_Code/AS1.o
 *fill*         0x1fffe192        0x2 00
 .bss.argv      0x1fffe194        0x4 ./Project_Settings/Startup_Code/__arm_start.o
 .bss.__stdio_exit
                0x1fffe198        0x4 C:/Freescale/CW MCU v10.5/MCU/ARM_GCC_Support/ewl/lib/armv6-m\libc.a(exit.o)
                0x1fffe198                __stdio_exit
 .bss.__console_exit
                0x1fffe19c        0x4 C:/Freescale/CW MCU v10.5/MCU/ARM_GCC_Support/ewl/lib/armv6-m\libc.a(exit.o)
                0x1fffe19c                __console_exit
 .bss.__S_romp  0x1fffe1a0        0xc C:/Freescale/CW MCU v10.5/MCU/ARM_GCC_Support/ewl/lib/armv6-m\librt.a(ROMCopy.o)
 .bss.__global_destructor_chain
                0x1fffe1ac        0x4 C:/Freescale/CW MCU v10.5/MCU/ARM_GCC_Support/ewl/lib/armv6-m\librt.a(__arm_eabi_init.o)
                0x1fffe1ac                __global_destructor_chain
 *(COMMON)
 COMMON         0x1fffe1b0        0x1 ./Generated_Code/Cpu.o
                0x1fffe1b0                SR_reg
 *fill*         0x1fffe1b1        0x3 00
 COMMON         0x1fffe1b4        0x4 ./Generated_Code/AS1.o
                0x1fffe1b4                ASerialLdd1_DeviceDataPtr
 COMMON         0x1fffe1b8       0xec ./Sources/ProcessorExpert.o
                0x1fffe1b8                vz
                0x1fffe1bc                Angle
                0x1fffe1cc                orden_articulacion
                0x1fffe1d0                j
                0x1fffe1d4                hz
                0x1fffe1d8                envio
                0x1fffe1dc                bandera_actualizar
                0x1fffe1e0                angulo
                0x1fffe1f0                hy
                0x1fffe1f4                datoi2c
                0x1fffe1fa                gy
                0x1fffe1fc                az
                0x1fffe1fe                vx
                0x1fffe200                orden_modo
                0x1fffe204                orden
                0x1fffe20c                Gy
                0x1fffe21c                ax
                0x1fffe220                i
                0x1fffe224                CaderaA
                0x1fffe238                CaderaF
                0x1fffe24c                vy
                0x1fffe250                Rodilla
                0x1fffe264                repeticiones
                0x1fffe268                gz
                0x1fffe26c                Tobillo
                0x1fffe280                MODO
                0x1fffe284                Acc
                0x1fffe294                orden_angulo
                0x1fffe298                hx
                0x1fffe29c                electro
                0x1fffe2a0                gx
                0x1fffe2a2                ay
 COMMON         0x1fffe2a4        0xc ./Sources/Events.o
                0x1fffe2a4                n
                0x1fffe2a8                rcv
                0x1fffe2ac                m
 COMMON         0x1fffe2b0        0x4 C:/Freescale/CW MCU v10.5/MCU/ARM_GCC_Support/ewl/lib/armv6-m\libc.a(errno.o)
                0x1fffe2b0                errno
                0x1fffe2b4                . = ALIGN (0x4)
                0x1fffe2b4                __END_BSS = .
                0x1fffe2b4                PROVIDE (__bss_end__, __END_BSS)
                0x00008d80                _romp_at = (___ROM_AT + SIZEOF (.data))

.romp           0x1fffe2b4       0x18 load address 0x00008d80
                0x00008d80                __S_romp = _romp_at
                0x1fffe2b4        0x4 LONG 0x8d38 ___ROM_AT
                0x1fffe2b8        0x4 LONG 0x1fffe000 _sdata
                0x1fffe2bc        0x4 LONG 0x48 ___data_size
                0x1fffe2c0        0x4 LONG 0x0
                0x1fffe2c4        0x4 LONG 0x0
                0x1fffe2c8        0x4 LONG 0x0

._user_heap_stack
                0x1fffe2cc      0x400 load address 0x00008d98
                0x1fffe2cc                . = ALIGN (0x4)
                0x1fffe2cc                PROVIDE (end, .)
                0x1fffe2cc                PROVIDE (_end, .)
                0x1fffe2cc                __heap_addr = .
                0x1fffe2cc                . = (. + __heap_size)
                0x1fffe6cc                . = (. + __stack_size)
 *fill*         0x1fffe2cc      0x400 00
                0x1fffe6cc                . = ALIGN (0x4)

.ARM.attributes
                0x00000000       0x31
 *(.ARM.attributes)
 .ARM.attributes
                0x00000000       0x31 ./Generated_Code/WAIT1.o
 .ARM.attributes
                0x00000031       0x31 ./Generated_Code/Vectors.o
 .ARM.attributes
                0x00000062       0x31 ./Generated_Code/TimerIntLdd1.o
 .ARM.attributes
                0x00000093       0x31 ./Generated_Code/TU3.o
 .ARM.attributes
                0x000000c4       0x31 ./Generated_Code/TU2.o
 .ARM.attributes
                0x000000f5       0x31 ./Generated_Code/TU1.o
 .ARM.attributes
                0x00000126       0x31 ./Generated_Code/TI1.o
 .ARM.attributes
                0x00000157       0x31 ./Generated_Code/PwmLdd4.o
 .ARM.attributes
                0x00000188       0x31 ./Generated_Code/PwmLdd3.o
 .ARM.attributes
                0x000001b9       0x31 ./Generated_Code/PwmLdd2.o
 .ARM.attributes
                0x000001ea       0x31 ./Generated_Code/PwmLdd1.o
 .ARM.attributes
                0x0000021b       0x31 ./Generated_Code/PWM_Tobillo.o
 .ARM.attributes
                0x0000024c       0x31 ./Generated_Code/PE_LDD.o
 .ARM.attributes
                0x0000027d       0x31 ./Generated_Code/I2C1.o
 .ARM.attributes
                0x000002ae       0x31 ./Generated_Code/GI2C1.o
 .ARM.attributes
                0x000002df       0x31 ./Generated_Code/DA1.o
 .ARM.attributes
                0x00000310       0x31 ./Generated_Code/Cpu.o
 .ARM.attributes
                0x00000341       0x31 ./Generated_Code/BitIoLdd6.o
 .ARM.attributes
                0x00000372       0x31 ./Generated_Code/BitIoLdd5.o
 .ARM.attributes
                0x000003a3       0x31 ./Generated_Code/BitIoLdd4.o
 .ARM.attributes
                0x000003d4       0x31 ./Generated_Code/BitIoLdd3.o
 .ARM.attributes
                0x00000405       0x31 ./Generated_Code/BitIoLdd2.o
 .ARM.attributes
                0x00000436       0x31 ./Generated_Code/BitIoLdd1.o
 .ARM.attributes
                0x00000467       0x31 ./Generated_Code/ASerialLdd1.o
 .ARM.attributes
                0x00000498       0x31 ./Generated_Code/AS1.o
 .ARM.attributes
                0x000004c9       0x31 ./Project_Settings/Startup_Code/__arm_start.o
 .ARM.attributes
                0x000004fa       0x31 ./Project_Settings/Startup_Code/__arm_end.o
 .ARM.attributes
                0x0000052b       0x31 ./Sources/ProcessorExpert.o
 .ARM.attributes
                0x0000055c       0x31 ./Sources/Events.o
 .ARM.attributes
                0x0000058d       0x31 C:/Freescale/CW MCU v10.5/MCU/ARM_GCC_Support/ewl/lib/armv6-m\libc.a(exit.o)
 .ARM.attributes
                0x000005be       0x31 C:/Freescale/CW MCU v10.5/MCU/ARM_GCC_Support/ewl/lib/armv6-m\libc.a(memset.o)
 .ARM.attributes
                0x000005ef       0x31 C:/Freescale/CW MCU v10.5/MCU/ARM_GCC_Support/ewl/lib/armv6-m\libc.a(printformat_.o)
 .ARM.attributes
                0x00000620       0x31 C:/Freescale/CW MCU v10.5/MCU/ARM_GCC_Support/ewl/lib/armv6-m\libc.a(scanformat_.o)
 .ARM.attributes
                0x00000651       0x31 C:/Freescale/CW MCU v10.5/MCU/ARM_GCC_Support/ewl/lib/armv6-m\libc.a(ctype_aeabi.o)
 .ARM.attributes
                0x00000682       0x31 C:/Freescale/CW MCU v10.5/MCU/ARM_GCC_Support/ewl/lib/armv6-m\libc.a(__strtoul.o)
 .ARM.attributes
                0x000006b3       0x31 C:/Freescale/CW MCU v10.5/MCU/ARM_GCC_Support/ewl/lib/armv6-m\libc.a(__filll_mem.o)
 .ARM.attributes
                0x000006e4       0x31 C:/Freescale/CW MCU v10.5/MCU/ARM_GCC_Support/ewl/lib/armv6-m\libc.a(memchr.o)
 .ARM.attributes
                0x00000715       0x31 C:/Freescale/CW MCU v10.5/MCU/ARM_GCC_Support/ewl/lib/armv6-m\libc.a(memcpy.o)
 .ARM.attributes
                0x00000746       0x31 C:/Freescale/CW MCU v10.5/MCU/ARM_GCC_Support/ewl/lib/armv6-m\libc.a(strchr.o)
 .ARM.attributes
                0x00000777       0x31 C:/Freescale/CW MCU v10.5/MCU/ARM_GCC_Support/ewl/lib/armv6-m\libc.a(strlen.o)
 .ARM.attributes
                0x000007a8       0x31 C:/Freescale/CW MCU v10.5/MCU/ARM_GCC_Support/ewl/lib/armv6-m\libm.a(s_atan.o)
 .ARM.attributes
                0x000007d9       0x31 C:/Freescale/CW MCU v10.5/MCU/ARM_GCC_Support/ewl/lib/armv6-m\libm.a(w_powf.o)
 .ARM.attributes
                0x0000080a       0x31 C:/Freescale/CW MCU v10.5/MCU/ARM_GCC_Support/ewl/lib/armv6-m\libm.a(w_sqrt.o)
 .ARM.attributes
                0x0000083b       0x31 C:/Freescale/CW MCU v10.5/MCU/ARM_GCC_Support/ewl/lib/armv6-m\libm.a(e_powf.o)
 .ARM.attributes
                0x0000086c       0x31 C:/Freescale/CW MCU v10.5/MCU/ARM_GCC_Support/ewl/lib/armv6-m\libm.a(e_sqrt.o)
 .ARM.attributes
                0x0000089d       0x31 C:/Freescale/CW MCU v10.5/MCU/ARM_GCC_Support/ewl/lib/armv6-m\libm.a(e_sqrtf.o)
 .ARM.attributes
                0x000008ce       0x31 C:/Freescale/CW MCU v10.5/MCU/ARM_GCC_Support/ewl/lib/armv6-m\libm.a(float.o)
 .ARM.attributes
                0x000008ff       0x31 C:/Freescale/CW MCU v10.5/MCU/ARM_GCC_Support/ewl/lib/armv6-m\libm.a(math_api.o)
 .ARM.attributes
                0x00000930       0x31 C:/Freescale/CW MCU v10.5/MCU/ARM_GCC_Support/ewl/lib/armv6-m\libm.a(s_scalbnf.o)
 .ARM.attributes
                0x00000961       0x1e c:/freescale/cw mcu v10.5/cross_tools/arm-none-eabi-gcc-4_7_3/bin/../lib/gcc/arm-none-eabi/4.7.3/armv6-m\libgcc.a(_thumb1_case_sqi.o)
 .ARM.attributes
                0x0000097f       0x1e c:/freescale/cw mcu v10.5/cross_tools/arm-none-eabi-gcc-4_7_3/bin/../lib/gcc/arm-none-eabi/4.7.3/armv6-m\libgcc.a(_thumb1_case_uqi.o)
 .ARM.attributes
                0x0000099d       0x1e c:/freescale/cw mcu v10.5/cross_tools/arm-none-eabi-gcc-4_7_3/bin/../lib/gcc/arm-none-eabi/4.7.3/armv6-m\libgcc.a(_udivsi3.o)
 .ARM.attributes
                0x000009bb       0x1e c:/freescale/cw mcu v10.5/cross_tools/arm-none-eabi-gcc-4_7_3/bin/../lib/gcc/arm-none-eabi/4.7.3/armv6-m\libgcc.a(_dvmd_tls.o)
 .ARM.attributes
                0x000009d9       0x1e c:/freescale/cw mcu v10.5/cross_tools/arm-none-eabi-gcc-4_7_3/bin/../lib/gcc/arm-none-eabi/4.7.3/armv6-m\libgcc.a(_arm_cmpdf2.o)
 .ARM.attributes
                0x000009f7       0x1e c:/freescale/cw mcu v10.5/cross_tools/arm-none-eabi-gcc-4_7_3/bin/../lib/gcc/arm-none-eabi/4.7.3/armv6-m\libgcc.a(_arm_cmpsf2.o)
 .ARM.attributes
                0x00000a15       0x2c c:/freescale/cw mcu v10.5/cross_tools/arm-none-eabi-gcc-4_7_3/bin/../lib/gcc/arm-none-eabi/4.7.3/armv6-m\libgcc.a(_fixunssfsi.o)
 .ARM.attributes
                0x00000a41       0x2c c:/freescale/cw mcu v10.5/cross_tools/arm-none-eabi-gcc-4_7_3/bin/../lib/gcc/arm-none-eabi/4.7.3/armv6-m\libgcc.a(addsf3.o)
 .ARM.attributes
                0x00000a6d       0x2c c:/freescale/cw mcu v10.5/cross_tools/arm-none-eabi-gcc-4_7_3/bin/../lib/gcc/arm-none-eabi/4.7.3/armv6-m\libgcc.a(divsf3.o)
 .ARM.attributes
                0x00000a99       0x2c c:/freescale/cw mcu v10.5/cross_tools/arm-none-eabi-gcc-4_7_3/bin/../lib/gcc/arm-none-eabi/4.7.3/armv6-m\libgcc.a(eqsf2.o)
 .ARM.attributes
                0x00000ac5       0x2c c:/freescale/cw mcu v10.5/cross_tools/arm-none-eabi-gcc-4_7_3/bin/../lib/gcc/arm-none-eabi/4.7.3/armv6-m\libgcc.a(gesf2.o)
 .ARM.attributes
                0x00000af1       0x2c c:/freescale/cw mcu v10.5/cross_tools/arm-none-eabi-gcc-4_7_3/bin/../lib/gcc/arm-none-eabi/4.7.3/armv6-m\libgcc.a(lesf2.o)
 .ARM.attributes
                0x00000b1d       0x2c c:/freescale/cw mcu v10.5/cross_tools/arm-none-eabi-gcc-4_7_3/bin/../lib/gcc/arm-none-eabi/4.7.3/armv6-m\libgcc.a(mulsf3.o)
 .ARM.attributes
                0x00000b49       0x2c c:/freescale/cw mcu v10.5/cross_tools/arm-none-eabi-gcc-4_7_3/bin/../lib/gcc/arm-none-eabi/4.7.3/armv6-m\libgcc.a(subsf3.o)
 .ARM.attributes
                0x00000b75       0x2c c:/freescale/cw mcu v10.5/cross_tools/arm-none-eabi-gcc-4_7_3/bin/../lib/gcc/arm-none-eabi/4.7.3/armv6-m\libgcc.a(fixsfsi.o)
 .ARM.attributes
                0x00000ba1       0x2c c:/freescale/cw mcu v10.5/cross_tools/arm-none-eabi-gcc-4_7_3/bin/../lib/gcc/arm-none-eabi/4.7.3/armv6-m\libgcc.a(floatsisf.o)
 .ARM.attributes
                0x00000bcd       0x2c c:/freescale/cw mcu v10.5/cross_tools/arm-none-eabi-gcc-4_7_3/bin/../lib/gcc/arm-none-eabi/4.7.3/armv6-m\libgcc.a(adddf3.o)
 .ARM.attributes
                0x00000bf9       0x2c c:/freescale/cw mcu v10.5/cross_tools/arm-none-eabi-gcc-4_7_3/bin/../lib/gcc/arm-none-eabi/4.7.3/armv6-m\libgcc.a(divdf3.o)
 .ARM.attributes
                0x00000c25       0x2c c:/freescale/cw mcu v10.5/cross_tools/arm-none-eabi-gcc-4_7_3/bin/../lib/gcc/arm-none-eabi/4.7.3/armv6-m\libgcc.a(eqdf2.o)
 .ARM.attributes
                0x00000c51       0x2c c:/freescale/cw mcu v10.5/cross_tools/arm-none-eabi-gcc-4_7_3/bin/../lib/gcc/arm-none-eabi/4.7.3/armv6-m\libgcc.a(gedf2.o)
 .ARM.attributes
                0x00000c7d       0x2c c:/freescale/cw mcu v10.5/cross_tools/arm-none-eabi-gcc-4_7_3/bin/../lib/gcc/arm-none-eabi/4.7.3/armv6-m\libgcc.a(ledf2.o)
 .ARM.attributes
                0x00000ca9       0x2c c:/freescale/cw mcu v10.5/cross_tools/arm-none-eabi-gcc-4_7_3/bin/../lib/gcc/arm-none-eabi/4.7.3/armv6-m\libgcc.a(muldf3.o)
 .ARM.attributes
                0x00000cd5       0x2c c:/freescale/cw mcu v10.5/cross_tools/arm-none-eabi-gcc-4_7_3/bin/../lib/gcc/arm-none-eabi/4.7.3/armv6-m\libgcc.a(subdf3.o)
 .ARM.attributes
                0x00000d01       0x2c c:/freescale/cw mcu v10.5/cross_tools/arm-none-eabi-gcc-4_7_3/bin/../lib/gcc/arm-none-eabi/4.7.3/armv6-m\libgcc.a(floatsidf.o)
 .ARM.attributes
                0x00000d2d       0x2c c:/freescale/cw mcu v10.5/cross_tools/arm-none-eabi-gcc-4_7_3/bin/../lib/gcc/arm-none-eabi/4.7.3/armv6-m\libgcc.a(extendsfdf2.o)
 .ARM.attributes
                0x00000d59       0x2c c:/freescale/cw mcu v10.5/cross_tools/arm-none-eabi-gcc-4_7_3/bin/../lib/gcc/arm-none-eabi/4.7.3/armv6-m\libgcc.a(truncdfsf2.o)
 .ARM.attributes
                0x00000d85       0x1e c:/freescale/cw mcu v10.5/cross_tools/arm-none-eabi-gcc-4_7_3/bin/../lib/gcc/arm-none-eabi/4.7.3/armv6-m\libgcc.a(_clzsi2.o)
 .ARM.attributes
                0x00000da3       0x31 C:/Freescale/CW MCU v10.5/MCU/ARM_GCC_Support/ewl/lib/armv6-m\librt.a(gcc_ctor_dtor.o)
 .ARM.attributes
                0x00000dd4       0x31 C:/Freescale/CW MCU v10.5/MCU/ARM_GCC_Support/ewl/lib/armv6-m\librt.a(ROMCopy.o)
 .ARM.attributes
                0x00000e05       0x31 C:/Freescale/CW MCU v10.5/MCU/ARM_GCC_Support/ewl/lib/armv6-m\librt.a(__arm_eabi_init.o)
 .ARM.attributes
                0x00000e36       0x31 C:/Freescale/CW MCU v10.5/MCU/ARM_GCC_Support/ewl/lib/armv6-m\libc.a(errno.o)
OUTPUT(Kepler.elf elf32-littlearm)

.debug_info     0x00000000     0xa60d
 .debug_info    0x00000000      0x135 ./Generated_Code/WAIT1.o
 .debug_info    0x00000135      0x104 ./Generated_Code/Vectors.o
 .debug_info    0x00000239      0x1c3 ./Generated_Code/TimerIntLdd1.o
 .debug_info    0x000003fc      0x777 ./Generated_Code/TU3.o
 .debug_info    0x00000b73      0x8e0 ./Generated_Code/TU2.o
 .debug_info    0x00001453      0x79c ./Generated_Code/TU1.o
 .debug_info    0x00001bef       0xa7 ./Generated_Code/TI1.o
 .debug_info    0x00001c96      0x37e ./Generated_Code/PwmLdd4.o
 .debug_info    0x00002014      0x345 ./Generated_Code/PwmLdd3.o
 .debug_info    0x00002359      0x345 ./Generated_Code/PwmLdd2.o
 .debug_info    0x0000269e      0x345 ./Generated_Code/PwmLdd1.o
 .debug_info    0x000029e3       0xa7 ./Generated_Code/PWM_Tobillo.o
 .debug_info    0x00002a8a      0x24e ./Generated_Code/PE_LDD.o
 .debug_info    0x00002cd8      0x950 ./Generated_Code/I2C1.o
 .debug_info    0x00003628      0x5e6 ./Generated_Code/GI2C1.o
 .debug_info    0x00003c0e      0x516 ./Generated_Code/DA1.o
 .debug_info    0x00004124      0x8e1 ./Generated_Code/Cpu.o
 .debug_info    0x00004a05      0x3cf ./Generated_Code/BitIoLdd6.o
 .debug_info    0x00004dd4      0x3cf ./Generated_Code/BitIoLdd5.o
 .debug_info    0x000051a3      0x3cf ./Generated_Code/BitIoLdd4.o
 .debug_info    0x00005572      0x3cf ./Generated_Code/BitIoLdd3.o
 .debug_info    0x00005941      0x3cf ./Generated_Code/BitIoLdd2.o
 .debug_info    0x00005d10      0x3f9 ./Generated_Code/BitIoLdd1.o
 .debug_info    0x00006109      0x8a8 ./Generated_Code/ASerialLdd1.o
 .debug_info    0x000069b1      0x408 ./Generated_Code/AS1.o
 .debug_info    0x00006db9      0x12a ./Project_Settings/Startup_Code/__arm_start.o
 .debug_info    0x00006ee3       0x54 ./Project_Settings/Startup_Code/__arm_end.o
 .debug_info    0x00006f37      0x4d0 ./Sources/ProcessorExpert.o
 .debug_info    0x00007407      0x225 ./Sources/Events.o
 .debug_info    0x0000762c       0xe8 C:/Freescale/CW MCU v10.5/MCU/ARM_GCC_Support/ewl/lib/armv6-m\libc.a(exit.o)
 .debug_info    0x00007714       0xec C:/Freescale/CW MCU v10.5/MCU/ARM_GCC_Support/ewl/lib/armv6-m\libc.a(memset.o)
 .debug_info    0x00007800      0x50d C:/Freescale/CW MCU v10.5/MCU/ARM_GCC_Support/ewl/lib/armv6-m\libc.a(printformat_.o)
 .debug_info    0x00007d0d      0x568 C:/Freescale/CW MCU v10.5/MCU/ARM_GCC_Support/ewl/lib/armv6-m\libc.a(scanformat_.o)
 .debug_info    0x00008275      0x313 C:/Freescale/CW MCU v10.5/MCU/ARM_GCC_Support/ewl/lib/armv6-m\libc.a(ctype_aeabi.o)
 .debug_info    0x00008588      0x1d6 C:/Freescale/CW MCU v10.5/MCU/ARM_GCC_Support/ewl/lib/armv6-m\libc.a(__strtoul.o)
 .debug_info    0x0000875e      0x137 C:/Freescale/CW MCU v10.5/MCU/ARM_GCC_Support/ewl/lib/armv6-m\libc.a(__filll_mem.o)
 .debug_info    0x00008895      0x121 C:/Freescale/CW MCU v10.5/MCU/ARM_GCC_Support/ewl/lib/armv6-m\libc.a(memchr.o)
 .debug_info    0x000089b6      0x10f C:/Freescale/CW MCU v10.5/MCU/ARM_GCC_Support/ewl/lib/armv6-m\libc.a(memcpy.o)
 .debug_info    0x00008ac5      0x10b C:/Freescale/CW MCU v10.5/MCU/ARM_GCC_Support/ewl/lib/armv6-m\libc.a(strchr.o)
 .debug_info    0x00008bd0       0xea C:/Freescale/CW MCU v10.5/MCU/ARM_GCC_Support/ewl/lib/armv6-m\libc.a(strlen.o)
 .debug_info    0x00008cba      0x23a C:/Freescale/CW MCU v10.5/MCU/ARM_GCC_Support/ewl/lib/armv6-m\libm.a(s_atan.o)
 .debug_info    0x00008ef4       0xc0 C:/Freescale/CW MCU v10.5/MCU/ARM_GCC_Support/ewl/lib/armv6-m\libm.a(w_powf.o)
 .debug_info    0x00008fb4       0xb3 C:/Freescale/CW MCU v10.5/MCU/ARM_GCC_Support/ewl/lib/armv6-m\libm.a(w_sqrt.o)
 .debug_info    0x00009067      0x4e5 C:/Freescale/CW MCU v10.5/MCU/ARM_GCC_Support/ewl/lib/armv6-m\libm.a(e_powf.o)
 .debug_info    0x0000954c      0x266 C:/Freescale/CW MCU v10.5/MCU/ARM_GCC_Support/ewl/lib/armv6-m\libm.a(e_sqrt.o)
 .debug_info    0x000097b2      0x1c0 C:/Freescale/CW MCU v10.5/MCU/ARM_GCC_Support/ewl/lib/armv6-m\libm.a(e_sqrtf.o)
 .debug_info    0x00009972      0x1e4 C:/Freescale/CW MCU v10.5/MCU/ARM_GCC_Support/ewl/lib/armv6-m\libm.a(float.o)
 .debug_info    0x00009b56      0x305 C:/Freescale/CW MCU v10.5/MCU/ARM_GCC_Support/ewl/lib/armv6-m\libm.a(math_api.o)
 .debug_info    0x00009e5b      0x18b C:/Freescale/CW MCU v10.5/MCU/ARM_GCC_Support/ewl/lib/armv6-m\libm.a(s_scalbnf.o)
 .debug_info    0x00009fe6      0x136 C:/Freescale/CW MCU v10.5/MCU/ARM_GCC_Support/ewl/lib/armv6-m\librt.a(gcc_ctor_dtor.o)
 .debug_info    0x0000a11c      0x19b C:/Freescale/CW MCU v10.5/MCU/ARM_GCC_Support/ewl/lib/armv6-m\librt.a(ROMCopy.o)
 .debug_info    0x0000a2b7      0x2b9 C:/Freescale/CW MCU v10.5/MCU/ARM_GCC_Support/ewl/lib/armv6-m\librt.a(__arm_eabi_init.o)
 .debug_info    0x0000a570       0x9d C:/Freescale/CW MCU v10.5/MCU/ARM_GCC_Support/ewl/lib/armv6-m\libc.a(errno.o)

.debug_abbrev   0x00000000     0x329d
 .debug_abbrev  0x00000000       0xa3 ./Generated_Code/WAIT1.o
 .debug_abbrev  0x000000a3       0xa3 ./Generated_Code/Vectors.o
 .debug_abbrev  0x00000146       0xd2 ./Generated_Code/TimerIntLdd1.o
 .debug_abbrev  0x00000218      0x17f ./Generated_Code/TU3.o
 .debug_abbrev  0x00000397      0x1a4 ./Generated_Code/TU2.o
 .debug_abbrev  0x0000053b      0x18d ./Generated_Code/TU1.o
 .debug_abbrev  0x000006c8       0x60 ./Generated_Code/TI1.o
 .debug_abbrev  0x00000728      0x12b ./Generated_Code/PwmLdd4.o
 .debug_abbrev  0x00000853      0x114 ./Generated_Code/PwmLdd3.o
 .debug_abbrev  0x00000967      0x114 ./Generated_Code/PwmLdd2.o
 .debug_abbrev  0x00000a7b      0x114 ./Generated_Code/PwmLdd1.o
 .debug_abbrev  0x00000b8f       0x60 ./Generated_Code/PWM_Tobillo.o
 .debug_abbrev  0x00000bef      0x102 ./Generated_Code/PE_LDD.o
 .debug_abbrev  0x00000cf1      0x170 ./Generated_Code/I2C1.o
 .debug_abbrev  0x00000e61      0x1bb ./Generated_Code/GI2C1.o
 .debug_abbrev  0x0000101c      0x12a ./Generated_Code/DA1.o
 .debug_abbrev  0x00001146      0x122 ./Generated_Code/Cpu.o
 .debug_abbrev  0x00001268      0x12b ./Generated_Code/BitIoLdd6.o
 .debug_abbrev  0x00001393      0x12b ./Generated_Code/BitIoLdd5.o
 .debug_abbrev  0x000014be      0x12b ./Generated_Code/BitIoLdd4.o
 .debug_abbrev  0x000015e9      0x12b ./Generated_Code/BitIoLdd3.o
 .debug_abbrev  0x00001714      0x12b ./Generated_Code/BitIoLdd2.o
 .debug_abbrev  0x0000183f      0x151 ./Generated_Code/BitIoLdd1.o
 .debug_abbrev  0x00001990      0x180 ./Generated_Code/ASerialLdd1.o
 .debug_abbrev  0x00001b10      0x17b ./Generated_Code/AS1.o
 .debug_abbrev  0x00001c8b       0x92 ./Project_Settings/Startup_Code/__arm_start.o
 .debug_abbrev  0x00001d1d       0x4c ./Project_Settings/Startup_Code/__arm_end.o
 .debug_abbrev  0x00001d69      0x15d ./Sources/ProcessorExpert.o
 .debug_abbrev  0x00001ec6       0xc5 ./Sources/Events.o
 .debug_abbrev  0x00001f8b       0x7a C:/Freescale/CW MCU v10.5/MCU/ARM_GCC_Support/ewl/lib/armv6-m\libc.a(exit.o)
 .debug_abbrev  0x00002005       0x62 C:/Freescale/CW MCU v10.5/MCU/ARM_GCC_Support/ewl/lib/armv6-m\libc.a(memset.o)
 .debug_abbrev  0x00002067      0x200 C:/Freescale/CW MCU v10.5/MCU/ARM_GCC_Support/ewl/lib/armv6-m\libc.a(printformat_.o)
 .debug_abbrev  0x00002267      0x1f0 C:/Freescale/CW MCU v10.5/MCU/ARM_GCC_Support/ewl/lib/armv6-m\libc.a(scanformat_.o)
 .debug_abbrev  0x00002457       0x9e C:/Freescale/CW MCU v10.5/MCU/ARM_GCC_Support/ewl/lib/armv6-m\libc.a(ctype_aeabi.o)
 .debug_abbrev  0x000024f5       0xc2 C:/Freescale/CW MCU v10.5/MCU/ARM_GCC_Support/ewl/lib/armv6-m\libc.a(__strtoul.o)
 .debug_abbrev  0x000025b7       0x78 C:/Freescale/CW MCU v10.5/MCU/ARM_GCC_Support/ewl/lib/armv6-m\libc.a(__filll_mem.o)
 .debug_abbrev  0x0000262f       0x95 C:/Freescale/CW MCU v10.5/MCU/ARM_GCC_Support/ewl/lib/armv6-m\libc.a(memchr.o)
 .debug_abbrev  0x000026c4       0x95 C:/Freescale/CW MCU v10.5/MCU/ARM_GCC_Support/ewl/lib/armv6-m\libc.a(memcpy.o)
 .debug_abbrev  0x00002759       0x7a C:/Freescale/CW MCU v10.5/MCU/ARM_GCC_Support/ewl/lib/armv6-m\libc.a(strchr.o)
 .debug_abbrev  0x000027d3       0x7a C:/Freescale/CW MCU v10.5/MCU/ARM_GCC_Support/ewl/lib/armv6-m\libc.a(strlen.o)
 .debug_abbrev  0x0000284d       0xed C:/Freescale/CW MCU v10.5/MCU/ARM_GCC_Support/ewl/lib/armv6-m\libm.a(s_atan.o)
 .debug_abbrev  0x0000293a       0x59 C:/Freescale/CW MCU v10.5/MCU/ARM_GCC_Support/ewl/lib/armv6-m\libm.a(w_powf.o)
 .debug_abbrev  0x00002993       0x59 C:/Freescale/CW MCU v10.5/MCU/ARM_GCC_Support/ewl/lib/armv6-m\libm.a(w_sqrt.o)
 .debug_abbrev  0x000029ec      0x127 C:/Freescale/CW MCU v10.5/MCU/ARM_GCC_Support/ewl/lib/armv6-m\libm.a(e_powf.o)
 .debug_abbrev  0x00002b13      0x10b C:/Freescale/CW MCU v10.5/MCU/ARM_GCC_Support/ewl/lib/armv6-m\libm.a(e_sqrt.o)
 .debug_abbrev  0x00002c1e       0xdf C:/Freescale/CW MCU v10.5/MCU/ARM_GCC_Support/ewl/lib/armv6-m\libm.a(e_sqrtf.o)
 .debug_abbrev  0x00002cfd       0x56 C:/Freescale/CW MCU v10.5/MCU/ARM_GCC_Support/ewl/lib/armv6-m\libm.a(float.o)
 .debug_abbrev  0x00002d53       0xe8 C:/Freescale/CW MCU v10.5/MCU/ARM_GCC_Support/ewl/lib/armv6-m\libm.a(math_api.o)
 .debug_abbrev  0x00002e3b       0xb2 C:/Freescale/CW MCU v10.5/MCU/ARM_GCC_Support/ewl/lib/armv6-m\libm.a(s_scalbnf.o)
 .debug_abbrev  0x00002eed       0x99 C:/Freescale/CW MCU v10.5/MCU/ARM_GCC_Support/ewl/lib/armv6-m\librt.a(gcc_ctor_dtor.o)
 .debug_abbrev  0x00002f86      0x120 C:/Freescale/CW MCU v10.5/MCU/ARM_GCC_Support/ewl/lib/armv6-m\librt.a(ROMCopy.o)
 .debug_abbrev  0x000030a6      0x1b3 C:/Freescale/CW MCU v10.5/MCU/ARM_GCC_Support/ewl/lib/armv6-m\librt.a(__arm_eabi_init.o)
 .debug_abbrev  0x00003259       0x44 C:/Freescale/CW MCU v10.5/MCU/ARM_GCC_Support/ewl/lib/armv6-m\libc.a(errno.o)

.debug_loc      0x00000000     0x5d52
 .debug_loc     0x00000000       0xa8 ./Generated_Code/WAIT1.o
 .debug_loc     0x000000a8       0x70 ./Generated_Code/TimerIntLdd1.o
 .debug_loc     0x00000118      0x188 ./Generated_Code/TU3.o
 .debug_loc     0x000002a0      0x230 ./Generated_Code/TU2.o
 .debug_loc     0x000004d0      0x1f8 ./Generated_Code/TU1.o
 .debug_loc     0x000006c8       0x38 ./Generated_Code/TI1.o
 .debug_loc     0x00000700      0x1c0 ./Generated_Code/PwmLdd4.o
 .debug_loc     0x000008c0      0x188 ./Generated_Code/PwmLdd3.o
 .debug_loc     0x00000a48      0x188 ./Generated_Code/PwmLdd2.o
 .debug_loc     0x00000bd0      0x188 ./Generated_Code/PwmLdd1.o
 .debug_loc     0x00000d58       0x38 ./Generated_Code/PWM_Tobillo.o
 .debug_loc     0x00000d90       0x9c ./Generated_Code/PE_LDD.o
 .debug_loc     0x00000e2c      0x1c0 ./Generated_Code/I2C1.o
 .debug_loc     0x00000fec      0x370 ./Generated_Code/GI2C1.o
 .debug_loc     0x0000135c       0x70 ./Generated_Code/DA1.o
 .debug_loc     0x000013cc       0xb0 ./Generated_Code/Cpu.o
 .debug_loc     0x0000147c      0x150 ./Generated_Code/BitIoLdd6.o
 .debug_loc     0x000015cc      0x150 ./Generated_Code/BitIoLdd5.o
 .debug_loc     0x0000171c      0x150 ./Generated_Code/BitIoLdd4.o
 .debug_loc     0x0000186c      0x150 ./Generated_Code/BitIoLdd3.o
 .debug_loc     0x000019bc      0x150 ./Generated_Code/BitIoLdd2.o
 .debug_loc     0x00001b0c      0x188 ./Generated_Code/BitIoLdd1.o
 .debug_loc     0x00001c94      0x204 ./Generated_Code/ASerialLdd1.o
 .debug_loc     0x00001e98      0x2bc ./Generated_Code/AS1.o
 .debug_loc     0x00002154       0x2c ./Project_Settings/Startup_Code/__arm_start.o
 .debug_loc     0x00002180       0x38 ./Project_Settings/Startup_Code/__arm_end.o
 .debug_loc     0x000021b8      0x146 ./Sources/ProcessorExpert.o
 .debug_loc     0x000022fe      0x16c ./Sources/Events.o
 .debug_loc     0x0000246a       0x3e C:/Freescale/CW MCU v10.5/MCU/ARM_GCC_Support/ewl/lib/armv6-m\libc.a(exit.o)
 .debug_loc     0x000024a8       0x6f C:/Freescale/CW MCU v10.5/MCU/ARM_GCC_Support/ewl/lib/armv6-m\libc.a(memset.o)
 .debug_loc     0x00002517     0x104b C:/Freescale/CW MCU v10.5/MCU/ARM_GCC_Support/ewl/lib/armv6-m\libc.a(printformat_.o)
 .debug_loc     0x00003562      0x9d8 C:/Freescale/CW MCU v10.5/MCU/ARM_GCC_Support/ewl/lib/armv6-m\libc.a(scanformat_.o)
 .debug_loc     0x00003f3a      0x30d C:/Freescale/CW MCU v10.5/MCU/ARM_GCC_Support/ewl/lib/armv6-m\libc.a(ctype_aeabi.o)
 .debug_loc     0x00004247      0x305 C:/Freescale/CW MCU v10.5/MCU/ARM_GCC_Support/ewl/lib/armv6-m\libc.a(__strtoul.o)
 .debug_loc     0x0000454c      0x14a C:/Freescale/CW MCU v10.5/MCU/ARM_GCC_Support/ewl/lib/armv6-m\libc.a(__filll_mem.o)
 .debug_loc     0x00004696       0x77 C:/Freescale/CW MCU v10.5/MCU/ARM_GCC_Support/ewl/lib/armv6-m\libc.a(memchr.o)
 .debug_loc     0x0000470d       0x59 C:/Freescale/CW MCU v10.5/MCU/ARM_GCC_Support/ewl/lib/armv6-m\libc.a(memcpy.o)
 .debug_loc     0x00004766       0xaf C:/Freescale/CW MCU v10.5/MCU/ARM_GCC_Support/ewl/lib/armv6-m\libc.a(strchr.o)
 .debug_loc     0x00004815       0x33 C:/Freescale/CW MCU v10.5/MCU/ARM_GCC_Support/ewl/lib/armv6-m\libc.a(strlen.o)
 .debug_loc     0x00004848      0x2dd C:/Freescale/CW MCU v10.5/MCU/ARM_GCC_Support/ewl/lib/armv6-m\libm.a(s_atan.o)
 .debug_loc     0x00004b25       0x46 C:/Freescale/CW MCU v10.5/MCU/ARM_GCC_Support/ewl/lib/armv6-m\libm.a(w_powf.o)
 .debug_loc     0x00004b6b       0x38 C:/Freescale/CW MCU v10.5/MCU/ARM_GCC_Support/ewl/lib/armv6-m\libm.a(w_sqrt.o)
 .debug_loc     0x00004ba3      0x782 C:/Freescale/CW MCU v10.5/MCU/ARM_GCC_Support/ewl/lib/armv6-m\libm.a(e_powf.o)
 .debug_loc     0x00005325      0x220 C:/Freescale/CW MCU v10.5/MCU/ARM_GCC_Support/ewl/lib/armv6-m\libm.a(e_sqrt.o)
 .debug_loc     0x00005545      0x126 C:/Freescale/CW MCU v10.5/MCU/ARM_GCC_Support/ewl/lib/armv6-m\libm.a(e_sqrtf.o)
 .debug_loc     0x0000566b      0x2d7 C:/Freescale/CW MCU v10.5/MCU/ARM_GCC_Support/ewl/lib/armv6-m\libm.a(math_api.o)
 .debug_loc     0x00005942      0x103 C:/Freescale/CW MCU v10.5/MCU/ARM_GCC_Support/ewl/lib/armv6-m\libm.a(s_scalbnf.o)
 .debug_loc     0x00005a45       0x9d C:/Freescale/CW MCU v10.5/MCU/ARM_GCC_Support/ewl/lib/armv6-m\librt.a(gcc_ctor_dtor.o)
 .debug_loc     0x00005ae2       0xd9 C:/Freescale/CW MCU v10.5/MCU/ARM_GCC_Support/ewl/lib/armv6-m\librt.a(ROMCopy.o)
 .debug_loc     0x00005bbb      0x197 C:/Freescale/CW MCU v10.5/MCU/ARM_GCC_Support/ewl/lib/armv6-m\librt.a(__arm_eabi_init.o)

.debug_aranges  0x00000000      0xc28
 .debug_aranges
                0x00000000       0x40 ./Generated_Code/WAIT1.o
 .debug_aranges
                0x00000040       0x18 ./Generated_Code/Vectors.o
 .debug_aranges
                0x00000058       0x28 ./Generated_Code/TimerIntLdd1.o
 .debug_aranges
                0x00000080       0x50 ./Generated_Code/TU3.o
 .debug_aranges
                0x000000d0       0x68 ./Generated_Code/TU2.o
 .debug_aranges
                0x00000138       0x60 ./Generated_Code/TU1.o
 .debug_aranges
                0x00000198       0x20 ./Generated_Code/TI1.o
 .debug_aranges
                0x000001b8       0x58 ./Generated_Code/PwmLdd4.o
 .debug_aranges
                0x00000210       0x50 ./Generated_Code/PwmLdd3.o
 .debug_aranges
                0x00000260       0x50 ./Generated_Code/PwmLdd2.o
 .debug_aranges
                0x000002b0       0x50 ./Generated_Code/PwmLdd1.o
 .debug_aranges
                0x00000300       0x20 ./Generated_Code/PWM_Tobillo.o
 .debug_aranges
                0x00000320       0x30 ./Generated_Code/PE_LDD.o
 .debug_aranges
                0x00000350       0x58 ./Generated_Code/I2C1.o
 .debug_aranges
                0x000003a8       0xa0 ./Generated_Code/GI2C1.o
 .debug_aranges
                0x00000448       0x28 ./Generated_Code/DA1.o
 .debug_aranges
                0x00000470       0x38 ./Generated_Code/Cpu.o
 .debug_aranges
                0x000004a8       0x48 ./Generated_Code/BitIoLdd6.o
 .debug_aranges
                0x000004f0       0x48 ./Generated_Code/BitIoLdd5.o
 .debug_aranges
                0x00000538       0x48 ./Generated_Code/BitIoLdd4.o
 .debug_aranges
                0x00000580       0x48 ./Generated_Code/BitIoLdd3.o
 .debug_aranges
                0x000005c8       0x48 ./Generated_Code/BitIoLdd2.o
 .debug_aranges
                0x00000610       0x50 ./Generated_Code/BitIoLdd1.o
 .debug_aranges
                0x00000660       0x60 ./Generated_Code/ASerialLdd1.o
 .debug_aranges
                0x000006c0       0x88 ./Generated_Code/AS1.o
 .debug_aranges
                0x00000748       0x30 ./Project_Settings/Startup_Code/__arm_start.o
 .debug_aranges
                0x00000778       0x20 ./Project_Settings/Startup_Code/__arm_end.o
 .debug_aranges
                0x00000798       0x48 ./Sources/ProcessorExpert.o
 .debug_aranges
                0x000007e0       0x58 ./Sources/Events.o
 .debug_aranges
                0x00000838       0x20 C:/Freescale/CW MCU v10.5/MCU/ARM_GCC_Support/ewl/lib/armv6-m\libc.a(exit.o)
 .debug_aranges
                0x00000858       0x20 C:/Freescale/CW MCU v10.5/MCU/ARM_GCC_Support/ewl/lib/armv6-m\libc.a(memset.o)
 .debug_aranges
                0x00000878       0x28 C:/Freescale/CW MCU v10.5/MCU/ARM_GCC_Support/ewl/lib/armv6-m\libc.a(printformat_.o)
 .debug_aranges
                0x000008a0       0x20 C:/Freescale/CW MCU v10.5/MCU/ARM_GCC_Support/ewl/lib/armv6-m\libc.a(scanformat_.o)
 .debug_aranges
                0x000008c0       0x88 C:/Freescale/CW MCU v10.5/MCU/ARM_GCC_Support/ewl/lib/armv6-m\libc.a(ctype_aeabi.o)
 .debug_aranges
                0x00000948       0x20 C:/Freescale/CW MCU v10.5/MCU/ARM_GCC_Support/ewl/lib/armv6-m\libc.a(__strtoul.o)
 .debug_aranges
                0x00000968       0x20 C:/Freescale/CW MCU v10.5/MCU/ARM_GCC_Support/ewl/lib/armv6-m\libc.a(__filll_mem.o)
 .debug_aranges
                0x00000988       0x20 C:/Freescale/CW MCU v10.5/MCU/ARM_GCC_Support/ewl/lib/armv6-m\libc.a(memchr.o)
 .debug_aranges
                0x000009a8       0x20 C:/Freescale/CW MCU v10.5/MCU/ARM_GCC_Support/ewl/lib/armv6-m\libc.a(memcpy.o)
 .debug_aranges
                0x000009c8       0x20 C:/Freescale/CW MCU v10.5/MCU/ARM_GCC_Support/ewl/lib/armv6-m\libc.a(strchr.o)
 .debug_aranges
                0x000009e8       0x20 C:/Freescale/CW MCU v10.5/MCU/ARM_GCC_Support/ewl/lib/armv6-m\libc.a(strlen.o)
 .debug_aranges
                0x00000a08       0x20 C:/Freescale/CW MCU v10.5/MCU/ARM_GCC_Support/ewl/lib/armv6-m\libm.a(s_atan.o)
 .debug_aranges
                0x00000a28       0x20 C:/Freescale/CW MCU v10.5/MCU/ARM_GCC_Support/ewl/lib/armv6-m\libm.a(w_powf.o)
 .debug_aranges
                0x00000a48       0x20 C:/Freescale/CW MCU v10.5/MCU/ARM_GCC_Support/ewl/lib/armv6-m\libm.a(w_sqrt.o)
 .debug_aranges
                0x00000a68       0x20 C:/Freescale/CW MCU v10.5/MCU/ARM_GCC_Support/ewl/lib/armv6-m\libm.a(e_powf.o)
 .debug_aranges
                0x00000a88       0x20 C:/Freescale/CW MCU v10.5/MCU/ARM_GCC_Support/ewl/lib/armv6-m\libm.a(e_sqrt.o)
 .debug_aranges
                0x00000aa8       0x20 C:/Freescale/CW MCU v10.5/MCU/ARM_GCC_Support/ewl/lib/armv6-m\libm.a(e_sqrtf.o)
 .debug_aranges
                0x00000ac8       0x18 C:/Freescale/CW MCU v10.5/MCU/ARM_GCC_Support/ewl/lib/armv6-m\libm.a(float.o)
 .debug_aranges
                0x00000ae0       0x60 C:/Freescale/CW MCU v10.5/MCU/ARM_GCC_Support/ewl/lib/armv6-m\libm.a(math_api.o)
 .debug_aranges
                0x00000b40       0x20 C:/Freescale/CW MCU v10.5/MCU/ARM_GCC_Support/ewl/lib/armv6-m\libm.a(s_scalbnf.o)
 .debug_aranges
                0x00000b60       0x28 C:/Freescale/CW MCU v10.5/MCU/ARM_GCC_Support/ewl/lib/armv6-m\librt.a(gcc_ctor_dtor.o)
 .debug_aranges
                0x00000b88       0x30 C:/Freescale/CW MCU v10.5/MCU/ARM_GCC_Support/ewl/lib/armv6-m\librt.a(ROMCopy.o)
 .debug_aranges
                0x00000bb8       0x58 C:/Freescale/CW MCU v10.5/MCU/ARM_GCC_Support/ewl/lib/armv6-m\librt.a(__arm_eabi_init.o)
 .debug_aranges
                0x00000c10       0x18 C:/Freescale/CW MCU v10.5/MCU/ARM_GCC_Support/ewl/lib/armv6-m\libc.a(errno.o)

.debug_macinfo  0x00000000   0x68b2c2
 .debug_macinfo
                0x00000000    0x3a1ff ./Generated_Code/WAIT1.o
 .debug_macinfo
                0x0003a1ff    0x4126d ./Generated_Code/Vectors.o
 .debug_macinfo
                0x0007b46c    0x3bcf3 ./Generated_Code/TimerIntLdd1.o
 .debug_macinfo
                0x000b715f    0x3bcea ./Generated_Code/TU3.o
 .debug_macinfo
                0x000f2e49    0x41300 ./Generated_Code/TU2.o
 .debug_macinfo
                0x00134149    0x3bc96 ./Generated_Code/TU1.o
 .debug_macinfo
                0x0016fddf    0x41235 ./Generated_Code/TI1.o
 .debug_macinfo
                0x001b1014    0x3c040 ./Generated_Code/PwmLdd4.o
 .debug_macinfo
                0x001ed054    0x3bddd ./Generated_Code/PwmLdd3.o
 .debug_macinfo
                0x00228e31    0x3bddd ./Generated_Code/PwmLdd2.o
 .debug_macinfo
                0x00264c0e    0x3bddd ./Generated_Code/PwmLdd1.o
 .debug_macinfo
                0x002a09eb    0x41235 ./Generated_Code/PWM_Tobillo.o
 .debug_macinfo
                0x002e1c20    0x411d9 ./Generated_Code/PE_LDD.o
 .debug_macinfo
                0x00322df9    0x40aec ./Generated_Code/I2C1.o
 .debug_macinfo
                0x003638e5    0x3a3f5 ./Generated_Code/GI2C1.o
 .debug_macinfo
                0x0039dcda    0x3baea ./Generated_Code/DA1.o
 .debug_macinfo
                0x003d97c4    0x41271 ./Generated_Code/Cpu.o
 .debug_macinfo
                0x0041aa35    0x3ad74 ./Generated_Code/BitIoLdd6.o
 .debug_macinfo
                0x004557a9    0x3ad74 ./Generated_Code/BitIoLdd5.o
 .debug_macinfo
                0x0049051d    0x3ad76 ./Generated_Code/BitIoLdd4.o
 .debug_macinfo
                0x004cb293    0x3ad76 ./Generated_Code/BitIoLdd3.o
 .debug_macinfo
                0x00506009    0x3ad74 ./Generated_Code/BitIoLdd2.o
 .debug_macinfo
                0x00540d7d    0x3ad97 ./Generated_Code/BitIoLdd1.o
 .debug_macinfo
                0x0057bb14    0x4154a ./Generated_Code/ASerialLdd1.o
 .debug_macinfo
                0x005bd05e    0x4137a ./Generated_Code/AS1.o
 .debug_macinfo
                0x005fe3d8     0x3e6d ./Project_Settings/Startup_Code/__arm_start.o
 .debug_macinfo
                0x00602245     0x3456 ./Project_Settings/Startup_Code/__arm_end.o
 .debug_macinfo
                0x0060569b    0x42e45 ./Sources/ProcessorExpert.o
 .debug_macinfo
                0x006484e0    0x42de2 ./Sources/Events.o

.debug_line     0x00000000     0x8286
 .debug_line    0x00000000      0x23d ./Generated_Code/WAIT1.o
 .debug_line    0x0000023d      0x6b3 ./Generated_Code/Vectors.o
 .debug_line    0x000008f0      0x26b ./Generated_Code/TimerIntLdd1.o
 .debug_line    0x00000b5b      0x2e5 ./Generated_Code/TU3.o
 .debug_line    0x00000e40      0x5f8 ./Generated_Code/TU2.o
 .debug_line    0x00001438      0x30e ./Generated_Code/TU1.o
 .debug_line    0x00001746      0x4a8 ./Generated_Code/TI1.o
 .debug_line    0x00001bee      0x2f0 ./Generated_Code/PwmLdd4.o
 .debug_line    0x00001ede      0x2cc ./Generated_Code/PwmLdd3.o
 .debug_line    0x000021aa      0x2cc ./Generated_Code/PwmLdd2.o
 .debug_line    0x00002476      0x2cc ./Generated_Code/PwmLdd1.o
 .debug_line    0x00002742      0x4b8 ./Generated_Code/PWM_Tobillo.o
 .debug_line    0x00002bfa      0x46e ./Generated_Code/PE_LDD.o
 .debug_line    0x00003068      0x3a3 ./Generated_Code/I2C1.o
 .debug_line    0x0000340b      0x38a ./Generated_Code/GI2C1.o
 .debug_line    0x00003795      0x246 ./Generated_Code/DA1.o
 .debug_line    0x000039db      0x725 ./Generated_Code/Cpu.o
 .debug_line    0x00004100      0x299 ./Generated_Code/BitIoLdd6.o
 .debug_line    0x00004399      0x299 ./Generated_Code/BitIoLdd5.o
 .debug_line    0x00004632      0x298 ./Generated_Code/BitIoLdd4.o
 .debug_line    0x000048ca      0x298 ./Generated_Code/BitIoLdd3.o
 .debug_line    0x00004b62      0x299 ./Generated_Code/BitIoLdd2.o
 .debug_line    0x00004dfb      0x2ab ./Generated_Code/BitIoLdd1.o
 .debug_line    0x000050a6      0x353 ./Generated_Code/ASerialLdd1.o
 .debug_line    0x000053f9      0x663 ./Generated_Code/AS1.o
 .debug_line    0x00005a5c      0x296 ./Project_Settings/Startup_Code/__arm_start.o
 .debug_line    0x00005cf2      0x266 ./Project_Settings/Startup_Code/__arm_end.o
 .debug_line    0x00005f58      0x663 ./Sources/ProcessorExpert.o
 .debug_line    0x000065bb      0x585 ./Sources/Events.o
 .debug_line    0x00006b40       0x8d C:/Freescale/CW MCU v10.5/MCU/ARM_GCC_Support/ewl/lib/armv6-m\libc.a(exit.o)
 .debug_line    0x00006bcd       0x90 C:/Freescale/CW MCU v10.5/MCU/ARM_GCC_Support/ewl/lib/armv6-m\libc.a(memset.o)
 .debug_line    0x00006c5d      0x2c3 C:/Freescale/CW MCU v10.5/MCU/ARM_GCC_Support/ewl/lib/armv6-m\libc.a(printformat_.o)
 .debug_line    0x00006f20      0x2be C:/Freescale/CW MCU v10.5/MCU/ARM_GCC_Support/ewl/lib/armv6-m\libc.a(scanformat_.o)
 .debug_line    0x000071de      0x1be C:/Freescale/CW MCU v10.5/MCU/ARM_GCC_Support/ewl/lib/armv6-m\libc.a(ctype_aeabi.o)
 .debug_line    0x0000739c      0x11e C:/Freescale/CW MCU v10.5/MCU/ARM_GCC_Support/ewl/lib/armv6-m\libc.a(__strtoul.o)
 .debug_line    0x000074ba       0xf6 C:/Freescale/CW MCU v10.5/MCU/ARM_GCC_Support/ewl/lib/armv6-m\libc.a(__filll_mem.o)
 .debug_line    0x000075b0       0x9f C:/Freescale/CW MCU v10.5/MCU/ARM_GCC_Support/ewl/lib/armv6-m\libc.a(memchr.o)
 .debug_line    0x0000764f       0x8b C:/Freescale/CW MCU v10.5/MCU/ARM_GCC_Support/ewl/lib/armv6-m\libc.a(memcpy.o)
 .debug_line    0x000076da       0x7d C:/Freescale/CW MCU v10.5/MCU/ARM_GCC_Support/ewl/lib/armv6-m\libc.a(strchr.o)
 .debug_line    0x00007757       0x85 C:/Freescale/CW MCU v10.5/MCU/ARM_GCC_Support/ewl/lib/armv6-m\libc.a(strlen.o)
 .debug_line    0x000077dc       0xee C:/Freescale/CW MCU v10.5/MCU/ARM_GCC_Support/ewl/lib/armv6-m\libm.a(s_atan.o)
 .debug_line    0x000078ca       0x74 C:/Freescale/CW MCU v10.5/MCU/ARM_GCC_Support/ewl/lib/armv6-m\libm.a(w_powf.o)
 .debug_line    0x0000793e       0x74 C:/Freescale/CW MCU v10.5/MCU/ARM_GCC_Support/ewl/lib/armv6-m\libm.a(w_sqrt.o)
 .debug_line    0x000079b2      0x1b5 C:/Freescale/CW MCU v10.5/MCU/ARM_GCC_Support/ewl/lib/armv6-m\libm.a(e_powf.o)
 .debug_line    0x00007b67      0x121 C:/Freescale/CW MCU v10.5/MCU/ARM_GCC_Support/ewl/lib/armv6-m\libm.a(e_sqrt.o)
 .debug_line    0x00007c88       0xda C:/Freescale/CW MCU v10.5/MCU/ARM_GCC_Support/ewl/lib/armv6-m\libm.a(e_sqrtf.o)
 .debug_line    0x00007d62       0x60 C:/Freescale/CW MCU v10.5/MCU/ARM_GCC_Support/ewl/lib/armv6-m\libm.a(float.o)
 .debug_line    0x00007dc2      0x173 C:/Freescale/CW MCU v10.5/MCU/ARM_GCC_Support/ewl/lib/armv6-m\libm.a(math_api.o)
 .debug_line    0x00007f35       0xc4 C:/Freescale/CW MCU v10.5/MCU/ARM_GCC_Support/ewl/lib/armv6-m\libm.a(s_scalbnf.o)
 .debug_line    0x00007ff9       0x6c C:/Freescale/CW MCU v10.5/MCU/ARM_GCC_Support/ewl/lib/armv6-m\librt.a(gcc_ctor_dtor.o)
 .debug_line    0x00008065       0xbd C:/Freescale/CW MCU v10.5/MCU/ARM_GCC_Support/ewl/lib/armv6-m\librt.a(ROMCopy.o)
 .debug_line    0x00008122      0x117 C:/Freescale/CW MCU v10.5/MCU/ARM_GCC_Support/ewl/lib/armv6-m\librt.a(__arm_eabi_init.o)
 .debug_line    0x00008239       0x4d C:/Freescale/CW MCU v10.5/MCU/ARM_GCC_Support/ewl/lib/armv6-m\libc.a(errno.o)

.debug_str      0x00000000     0x2968
 .debug_str     0x00000000      0x16d ./Generated_Code/WAIT1.o
                                0x19f (size before relaxing)
 .debug_str     0x0000016d       0x55 ./Generated_Code/Vectors.o
                                0x167 (size before relaxing)
 .debug_str     0x000001c2      0x10a ./Generated_Code/TimerIntLdd1.o
                                0x22b (size before relaxing)
 .debug_str     0x000002cc      0x27e ./Generated_Code/TU3.o
                                0x445 (size before relaxing)
 .debug_str     0x0000054a      0x1a7 ./Generated_Code/TU2.o
                                0x4f6 (size before relaxing)
 .debug_str     0x000006f1       0xdf ./Generated_Code/TU1.o
                                0x47b (size before relaxing)
 .debug_str     0x000007d0       0x31 ./Generated_Code/TI1.o
                                0x154 (size before relaxing)
 .debug_str     0x00000801       0xe8 ./Generated_Code/PwmLdd4.o
                                0x2b2 (size before relaxing)
 .debug_str     0x000008e9       0x93 ./Generated_Code/PwmLdd3.o
                                0x29d (size before relaxing)
 .debug_str     0x0000097c       0x93 ./Generated_Code/PwmLdd2.o
                                0x29d (size before relaxing)
 .debug_str     0x00000a0f       0x93 ./Generated_Code/PwmLdd1.o
                                0x29d (size before relaxing)
 .debug_str     0x00000aa2       0x2e ./Generated_Code/PWM_Tobillo.o
                                0x151 (size before relaxing)
 .debug_str     0x00000ad0      0x172 ./Generated_Code/PE_LDD.o
                                0x2ca (size before relaxing)
 .debug_str     0x00000c42      0x257 ./Generated_Code/I2C1.o
                                0x598 (size before relaxing)
 .debug_str     0x00000e99      0x258 ./Generated_Code/GI2C1.o
                                0x42f (size before relaxing)
 .debug_str     0x000010f1       0xaa ./Generated_Code/DA1.o
                                0x33d (size before relaxing)
 .debug_str     0x0000119b      0x17d ./Generated_Code/Cpu.o
                                0x416 (size before relaxing)
 .debug_str     0x00001318       0xf5 ./Generated_Code/BitIoLdd6.o
                                0x2e4 (size before relaxing)
 .debug_str     0x0000140d       0xb1 ./Generated_Code/BitIoLdd5.o
                                0x2e4 (size before relaxing)
 .debug_str     0x000014be       0xb1 ./Generated_Code/BitIoLdd4.o
                                0x2e4 (size before relaxing)
 .debug_str     0x0000156f       0xb1 ./Generated_Code/BitIoLdd3.o
                                0x2e4 (size before relaxing)
 .debug_str     0x00001620       0xb1 ./Generated_Code/BitIoLdd2.o
                                0x2e4 (size before relaxing)
 .debug_str     0x000016d1       0xc2 ./Generated_Code/BitIoLdd1.o
                                0x2f5 (size before relaxing)
 .debug_str     0x00001793      0x1cd ./Generated_Code/ASerialLdd1.o
                                0x4fb (size before relaxing)
 .debug_str     0x00001960      0x18e ./Generated_Code/AS1.o
                                0x323 (size before relaxing)
 .debug_str     0x00001aee       0x85 ./Project_Settings/Startup_Code/__arm_start.o
                                0x195 (size before relaxing)
 .debug_str     0x00001b73       0x41 ./Project_Settings/Startup_Code/__arm_end.o
                                 0xcc (size before relaxing)
 .debug_str     0x00001bb4      0x174 ./Sources/ProcessorExpert.o
                                0x2de (size before relaxing)
 .debug_str     0x00001d28       0x8d ./Sources/Events.o
                                0x21f (size before relaxing)
 .debug_str     0x00001db5       0x48 C:/Freescale/CW MCU v10.5/MCU/ARM_GCC_Support/ewl/lib/armv6-m\libc.a(exit.o)
                                0x157 (size before relaxing)
 .debug_str     0x00001dfd       0x23 C:/Freescale/CW MCU v10.5/MCU/ARM_GCC_Support/ewl/lib/armv6-m\libc.a(memset.o)
                                0x140 (size before relaxing)
 .debug_str     0x00001e20      0x23b C:/Freescale/CW MCU v10.5/MCU/ARM_GCC_Support/ewl/lib/armv6-m\libc.a(printformat_.o)
                                0x3b3 (size before relaxing)
 .debug_str     0x0000205b      0x184 C:/Freescale/CW MCU v10.5/MCU/ARM_GCC_Support/ewl/lib/armv6-m\libc.a(scanformat_.o)
                                0x3f9 (size before relaxing)
 .debug_str     0x000021df       0x9d C:/Freescale/CW MCU v10.5/MCU/ARM_GCC_Support/ewl/lib/armv6-m\libc.a(ctype_aeabi.o)
                                0x1bc (size before relaxing)
 .debug_str     0x0000227c       0x5b C:/Freescale/CW MCU v10.5/MCU/ARM_GCC_Support/ewl/lib/armv6-m\libc.a(__strtoul.o)
                                0x1fb (size before relaxing)
 .debug_str     0x000022d7       0x25 C:/Freescale/CW MCU v10.5/MCU/ARM_GCC_Support/ewl/lib/armv6-m\libc.a(__filll_mem.o)
                                0x152 (size before relaxing)
 .debug_str     0x000022fc       0x1c C:/Freescale/CW MCU v10.5/MCU/ARM_GCC_Support/ewl/lib/armv6-m\libc.a(memchr.o)
                                0x148 (size before relaxing)
 .debug_str     0x00002318       0x1c C:/Freescale/CW MCU v10.5/MCU/ARM_GCC_Support/ewl/lib/armv6-m\libc.a(memcpy.o)
                                0x138 (size before relaxing)
 .debug_str     0x00002334       0x1c C:/Freescale/CW MCU v10.5/MCU/ARM_GCC_Support/ewl/lib/armv6-m\libc.a(strchr.o)
                                0x137 (size before relaxing)
 .debug_str     0x00002350       0x1c C:/Freescale/CW MCU v10.5/MCU/ARM_GCC_Support/ewl/lib/armv6-m\libc.a(strlen.o)
                                0x140 (size before relaxing)
 .debug_str     0x0000236c       0x39 C:/Freescale/CW MCU v10.5/MCU/ARM_GCC_Support/ewl/lib/armv6-m\libm.a(s_atan.o)
                                0x161 (size before relaxing)
 .debug_str     0x000023a5       0x18 C:/Freescale/CW MCU v10.5/MCU/ARM_GCC_Support/ewl/lib/armv6-m\libm.a(w_powf.o)
                                0x12b (size before relaxing)
 .debug_str     0x000023bd       0x12 C:/Freescale/CW MCU v10.5/MCU/ARM_GCC_Support/ewl/lib/armv6-m\libm.a(w_sqrt.o)
                                0x12b (size before relaxing)
 .debug_str     0x000023cf       0x8b C:/Freescale/CW MCU v10.5/MCU/ARM_GCC_Support/ewl/lib/armv6-m\libm.a(e_powf.o)
                                0x1cb (size before relaxing)
 .debug_str     0x0000245a       0x2e C:/Freescale/CW MCU v10.5/MCU/ARM_GCC_Support/ewl/lib/armv6-m\libm.a(e_sqrt.o)
                                0x17e (size before relaxing)
 .debug_str     0x00002488       0x23 C:/Freescale/CW MCU v10.5/MCU/ARM_GCC_Support/ewl/lib/armv6-m\libm.a(e_sqrtf.o)
                                0x179 (size before relaxing)
 .debug_str     0x000024ab       0xf9 C:/Freescale/CW MCU v10.5/MCU/ARM_GCC_Support/ewl/lib/armv6-m\libm.a(float.o)
                                0x225 (size before relaxing)
 .debug_str     0x000025a4       0xda C:/Freescale/CW MCU v10.5/MCU/ARM_GCC_Support/ewl/lib/armv6-m\libm.a(math_api.o)
                                0x228 (size before relaxing)
 .debug_str     0x0000267e       0x2f C:/Freescale/CW MCU v10.5/MCU/ARM_GCC_Support/ewl/lib/armv6-m\libm.a(s_scalbnf.o)
                                0x17b (size before relaxing)
 .debug_str     0x000026ad      0x126 C:/Freescale/CW MCU v10.5/MCU/ARM_GCC_Support/ewl/lib/armv6-m\librt.a(gcc_ctor_dtor.o)
                                0x181 (size before relaxing)
 .debug_str     0x000027d3       0x95 C:/Freescale/CW MCU v10.5/MCU/ARM_GCC_Support/ewl/lib/armv6-m\librt.a(ROMCopy.o)
                                0x13c (size before relaxing)
 .debug_str     0x00002868       0xee C:/Freescale/CW MCU v10.5/MCU/ARM_GCC_Support/ewl/lib/armv6-m\librt.a(__arm_eabi_init.o)
                                0x1b5 (size before relaxing)
 .debug_str     0x00002956       0x12 C:/Freescale/CW MCU v10.5/MCU/ARM_GCC_Support/ewl/lib/armv6-m\libc.a(errno.o)
                                0x12c (size before relaxing)

.comment        0x00000000       0x79
 .comment       0x00000000       0x79 ./Generated_Code/WAIT1.o
                                 0x7a (size before relaxing)
 .comment       0x00000000       0x7a ./Generated_Code/Vectors.o
 .comment       0x00000000       0x7a ./Generated_Code/TimerIntLdd1.o
 .comment       0x00000000       0x7a ./Generated_Code/TU3.o
 .comment       0x00000000       0x7a ./Generated_Code/TU2.o
 .comment       0x00000000       0x7a ./Generated_Code/TU1.o
 .comment       0x00000000       0x7a ./Generated_Code/TI1.o
 .comment       0x00000000       0x7a ./Generated_Code/PwmLdd4.o
 .comment       0x00000000       0x7a ./Generated_Code/PwmLdd3.o
 .comment       0x00000000       0x7a ./Generated_Code/PwmLdd2.o
 .comment       0x00000000       0x7a ./Generated_Code/PwmLdd1.o
 .comment       0x00000000       0x7a ./Generated_Code/PWM_Tobillo.o
 .comment       0x00000000       0x7a ./Generated_Code/PE_LDD.o
 .comment       0x00000000       0x7a ./Generated_Code/I2C1.o
 .comment       0x00000000       0x7a ./Generated_Code/GI2C1.o
 .comment       0x00000000       0x7a ./Generated_Code/DA1.o
 .comment       0x00000000       0x7a ./Generated_Code/Cpu.o
 .comment       0x00000000       0x7a ./Generated_Code/BitIoLdd6.o
 .comment       0x00000000       0x7a ./Generated_Code/BitIoLdd5.o
 .comment       0x00000000       0x7a ./Generated_Code/BitIoLdd4.o
 .comment       0x00000000       0x7a ./Generated_Code/BitIoLdd3.o
 .comment       0x00000000       0x7a ./Generated_Code/BitIoLdd2.o
 .comment       0x00000000       0x7a ./Generated_Code/BitIoLdd1.o
 .comment       0x00000000       0x7a ./Generated_Code/ASerialLdd1.o
 .comment       0x00000000       0x7a ./Generated_Code/AS1.o
 .comment       0x00000000       0x7a ./Project_Settings/Startup_Code/__arm_start.o
 .comment       0x00000000       0x7a ./Project_Settings/Startup_Code/__arm_end.o
 .comment       0x00000000       0x7a ./Sources/ProcessorExpert.o
 .comment       0x00000000       0x7a ./Sources/Events.o
 .comment       0x00000000       0x7a C:/Freescale/CW MCU v10.5/MCU/ARM_GCC_Support/ewl/lib/armv6-m\libc.a(exit.o)
 .comment       0x00000000       0x7a C:/Freescale/CW MCU v10.5/MCU/ARM_GCC_Support/ewl/lib/armv6-m\libc.a(memset.o)
 .comment       0x00000000       0x7a C:/Freescale/CW MCU v10.5/MCU/ARM_GCC_Support/ewl/lib/armv6-m\libc.a(printformat_.o)
 .comment       0x00000000       0x7a C:/Freescale/CW MCU v10.5/MCU/ARM_GCC_Support/ewl/lib/armv6-m\libc.a(scanformat_.o)
 .comment       0x00000000       0x7a C:/Freescale/CW MCU v10.5/MCU/ARM_GCC_Support/ewl/lib/armv6-m\libc.a(ctype_aeabi.o)
 .comment       0x00000000       0x7a C:/Freescale/CW MCU v10.5/MCU/ARM_GCC_Support/ewl/lib/armv6-m\libc.a(__strtoul.o)
 .comment       0x00000000       0x7a C:/Freescale/CW MCU v10.5/MCU/ARM_GCC_Support/ewl/lib/armv6-m\libc.a(__filll_mem.o)
 .comment       0x00000000       0x7a C:/Freescale/CW MCU v10.5/MCU/ARM_GCC_Support/ewl/lib/armv6-m\libc.a(memchr.o)
 .comment       0x00000000       0x7a C:/Freescale/CW MCU v10.5/MCU/ARM_GCC_Support/ewl/lib/armv6-m\libc.a(memcpy.o)
 .comment       0x00000000       0x7a C:/Freescale/CW MCU v10.5/MCU/ARM_GCC_Support/ewl/lib/armv6-m\libc.a(strchr.o)
 .comment       0x00000000       0x7a C:/Freescale/CW MCU v10.5/MCU/ARM_GCC_Support/ewl/lib/armv6-m\libc.a(strlen.o)
 .comment       0x00000000       0x7a C:/Freescale/CW MCU v10.5/MCU/ARM_GCC_Support/ewl/lib/armv6-m\libm.a(s_atan.o)
 .comment       0x00000000       0x7a C:/Freescale/CW MCU v10.5/MCU/ARM_GCC_Support/ewl/lib/armv6-m\libm.a(w_powf.o)
 .comment       0x00000000       0x7a C:/Freescale/CW MCU v10.5/MCU/ARM_GCC_Support/ewl/lib/armv6-m\libm.a(w_sqrt.o)
 .comment       0x00000000       0x7a C:/Freescale/CW MCU v10.5/MCU/ARM_GCC_Support/ewl/lib/armv6-m\libm.a(e_powf.o)
 .comment       0x00000000       0x7a C:/Freescale/CW MCU v10.5/MCU/ARM_GCC_Support/ewl/lib/armv6-m\libm.a(e_sqrt.o)
 .comment       0x00000000       0x7a C:/Freescale/CW MCU v10.5/MCU/ARM_GCC_Support/ewl/lib/armv6-m\libm.a(e_sqrtf.o)
 .comment       0x00000000       0x7a C:/Freescale/CW MCU v10.5/MCU/ARM_GCC_Support/ewl/lib/armv6-m\libm.a(float.o)
 .comment       0x00000000       0x7a C:/Freescale/CW MCU v10.5/MCU/ARM_GCC_Support/ewl/lib/armv6-m\libm.a(math_api.o)
 .comment       0x00000000       0x7a C:/Freescale/CW MCU v10.5/MCU/ARM_GCC_Support/ewl/lib/armv6-m\libm.a(s_scalbnf.o)
 .comment       0x00000000       0x7a C:/Freescale/CW MCU v10.5/MCU/ARM_GCC_Support/ewl/lib/armv6-m\librt.a(gcc_ctor_dtor.o)
 .comment       0x00000000       0x7a C:/Freescale/CW MCU v10.5/MCU/ARM_GCC_Support/ewl/lib/armv6-m\librt.a(ROMCopy.o)
 .comment       0x00000000       0x7a C:/Freescale/CW MCU v10.5/MCU/ARM_GCC_Support/ewl/lib/armv6-m\librt.a(__arm_eabi_init.o)